[gentlecan.es/index.html]
[gmpg.org/xfn/11.html]
[backblue.gif]
[fade.gif]
[index.html]
[cdn-cookieyes.com/client_data/5bd025d628870881332103b7/script.js]
[gentlecan.es/wp-content/plugins/reviews-feed/assets/css/sbr-styles.mine1fc.css]
[gentlecan.es/wp-content/plugins/instagram-feed/css/sbi-styles.min4d80.css]
[gentlecan.es/feed/index.html]
[gentlecan.es/wp-content/plugins/feeds-for-youtube/css/sb-youtube-free.min8d5a.css]
[gentlecan.es/wp-content/plugins/premium-addons-for-elementor/assets/frontend/min-css/premium-addons.mine32e.css]
[gentlecan.es/wp-content/plugins/chaty-pro/css/chaty-front.min5f54.css]
[gentlecan.es/wp-content/plugins/custom-twitter-feeds/css/ctf-styles.min254d.css]
[gentlecan.es/comments/feed/index.html]
[gentlecan.es/wp-content/plugins/top-bar/css/topbar_stylef714.css]
[gentlecan.es/wp-content/plugins/woocommerce/assets/css/woocommerce-layout5c8b.css]
[gentlecan.es/wp-content/plugins/woocommerce/assets/css/woocommerce-smallscreen5c8b.css]
[gentlecan.es/wp-content/plugins/woocommerce/assets/css/woocommerce5c8b.css]
[gentlecan.es/wp-includes/css/dashicons.minf714.css]
[gentlecan.es/wp-content/plugins/custom-facebook-feed/assets/css/cff-style.min274c.css]
[gentlecan.es/wp-content/plugins/custom-facebook-feed/assets/css/font-awesome.min1849.css]
[gentlecan.es/wp-content/plugins/sitepress-multilingual-cms/templates/language-switchers/legacy-list-horizontal/style.min68b3.css]
[gentlecan.es/wp-content/plugins/woocommerce/assets/css/brands5c8b.css]
[gentlecan.es/wp-content/themes/hello-elementor/style.min5589.css]
[gentlecan.es/wp-content/themes/hello-elementor/theme.min5589.css]
[gentlecan.es/wp-content/themes/hello-elementor-child/stylef714.css]
[gentlecan.es/wp-content/themes/hello-elementor/header-footer.min5589.css]
[gentlecan.es/wp-content/plugins/elementor/assets/css/frontend.min2801.css]
[gentlecan.es/wp-content/uploads/elementor/css/post-63e80.css]
[gentlecan.es/wp-content/plugins/elementor-pro/assets/css/widget-nav-menu.min2801.css]
[gentlecan.es/wp-content/plugins/elementor/assets/css/widget-heading.min2801.css]
[gentlecan.es/wp-content/plugins/elementor/assets/css/widget-social-icons.min2801.css]
[gentlecan.es/wp-content/plugins/elementor/assets/css/conditionals/apple-webkit.min2801.css]
[gentlecan.es/wp-content/plugins/elementor/assets/css/widget-spacer.min2801.css]
[gentlecan.es/wp-content/plugins/elementor/assets/css/widget-icon-list.min2801.css]
[gentlecan.es/wp-content/plugins/elementor/assets/lib/eicons/css/elementor-icons.minf531.css]
[gentlecan.es/wp-content/plugins/elementor/assets/lib/swiper/v8/css/swiper.min94a4.css]
[gentlecan.es/wp-content/plugins/elementor/assets/css/conditionals/e-swiper.min2801.css]
[gentlecan.es/wp-content/plugins/elementor-pro/assets/css/widget-testimonial-carousel.min2801.css]
[gentlecan.es/wp-content/plugins/elementor-pro/assets/css/widget-carousel-module-base.min2801.css]
[gentlecan.es/wp-content/plugins/elementor/assets/css/widget-divider.min2801.css]
[gentlecan.es/wp-content/plugins/elementor-pro/assets/css/widget-media-carousel.min2801.css]
[gentlecan.es/wp-content/plugins/elementor/assets/css/widget-image-carousel.min2801.css]
[gentlecan.es/wp-content/plugins/elementor-pro/assets/css/widget-posts.min2801.css]
[gentlecan.es/wp-content/plugins/elementor-pro/assets/css/widget-form.min2801.css]
[gentlecan.es/wp-content/uploads/elementor/css/post-26f8f1.css]
[gentlecan.es/wp-content/uploads/elementor/css/post-50f8f1.css]
[gentlecan.es/wp-content/uploads/elementor/css/post-415f8f1.css]
[gentlecan.es/wp-content/plugins/variation-swatches-for-woocommerce/assets/css/frontend5bf8.css]
[gentlecan.es/wp-content/plugins/elementskit-lite/widgets/init/assets/css/widget-styles49eb.css]
[gentlecan.es/wp-content/plugins/elementskit-lite/widgets/init/assets/css/responsive49eb.css]
[gentlecan.es/wp-content/uploads/elementor/google-fonts/css/dmsans40b7.css]
[gentlecan.es/wp-content/uploads/elementor/google-fonts/css/roboto3884.css]
[gentlecan.es/wp-content/uploads/elementor/google-fonts/css/dmserifdisplayf936.css]
[gentlecan.es/wp-content/plugins/elementor/assets/lib/font-awesome/css/fontawesome.min52d5.css]
[gentlecan.es/wp-content/plugins/elementor/assets/lib/font-awesome/css/solid.min52d5.css]
[gentlecan.es/wp-content/plugins/elementskit-lite/modules/elementskit-icon-pack/assets/css/ekiticons49eb.css]
[gentlecan.es/wp-content/plugins/elementor/assets/lib/font-awesome/css/brands.min52d5.css]
[gentlecan.es/wp-includes/js/jquery/jquery.minf43b.js]
[gentlecan.es/wp-includes/js/jquery/jquery-migrate.min5589.js]
[gentlecan.es/wp-content/plugins/chaty-pro/js/cht-front-script.min5f54.js]
[gentlecan.es/wp-content/plugins/top-bar/js/tpbr_front.minf714.js]
[gentlecan.es/wp-content/plugins/woocommerce/assets/js/jquery-blockui/jquery.blockUI.minb274.js]
[gentlecan.es/wp-content/plugins/woocommerce/assets/js/frontend/add-to-cart.min5c8b.js]
[gentlecan.es/wp-content/plugins/woocommerce/assets/js/js-cookie/js.cookie.min1b05.js]
[gentlecan.es/wp-json/wp/v2/pages/26.json]
[gentlecan.es/wp-json/index.html]
[gentlecan.es/xmlrpc0db0.php]
[gentlecan.es/wp-json/oembed/1.0/embed2af3.json]
[gentlecan.es/wp-json/oembed/1.0/embedbf8c]
[gentlecan.es/wp-content/uploads/2024/01/cropped-gentlecan-favicon-32x32.png]
[gentlecan.es/wp-content/uploads/2024/01/cropped-gentlecan-favicon-192x192.png]
[gentlecan.es/wp-content/uploads/2024/01/cropped-gentlecan-favicon-180x180.png]
[gentlecan.es/wp-content/uploads/2023/08/LOGO-WEB-1400x392-1.png]
[gentlecan.es/wp-content/uploads/2023/11/home-perro-peluqueriaB.jpg]
[gentlecan.es/wp-content/uploads/2024/01/Peluqueria-filosofia.jpg]
[gentlecan.es/wp-content/uploads/2023/11/Peluqueria-detalle-grafico.png]
[gentlecan.es/wp-content/uploads/2024/01/Peluqueria-objetivo3.jpg]
[gentlecan.es/wp-content/uploads/2024/01/peluqueria-gal-01.jpg]
[gentlecan.es/peluqueria-canina-madrid/index.html]
[gentlecan.es/reservas/index.html]
[gentlecan.es/wp-content/uploads/2024/01/peluqueria-gal-10.jpg]
[gentlecan.es/blog-perros/index.html]
[gentlecan.es/wp-content/uploads/2024/01/peluqueria-gal-08.jpg]
[gentlecan.es/wp-content/uploads/2024/01/peluqueria-gal-09.jpg]
[gentlecan.es/wp-content/uploads/2024/01/peluqueria-gal-07.jpg]
[gentlecan.es/wp-content/uploads/2024/01/peluqueria-gal-04.jpg]
[gentlecan.es/wp-content/uploads/2024/01/peluqueria-gal-03.jpg]
[gentlecan.es/wp-content/uploads/2024/01/peluqueria-gal-06.jpg]
[gentlecan.es/wp-content/uploads/2024/01/peluqueria-gal-05.jpg]
[gentlecan.es/wp-content/uploads/2024/01/peluqueria-gal-02.jpg]
[gentlecan.es/wp-content/uploads/2023/08/home-testimonio-marta.png]
[gentlecan.es/wp-content/uploads/2023/08/home-testimonio-jorge.png]
[gentlecan.es/wp-content/uploads/2023/08/home-testimonio-lola.png]
[gentlecan.es/wp-content/uploads/2024/02/home-google-valoracion-badget.png]
[gentlecan.es/wp-content/uploads/2023/08/home-boutique-madrid.jpg]
[gentlecan.es/wp-content/uploads/2024/01/logo-marca-alqo-wasi.png]
[gentlecan.es/wp-content/uploads/2024/01/logo-marca-artero.png]
[gentlecan.es/contactar/index.html]
[gentlecan.es/quienes-somos/index.html]
[gentlecan.es/wp-content/uploads/2024/01/logo-marca-brannipets.png]
[gentlecan.es/wp-content/uploads/2024/01/logo-marca-brott.png]
[gentlecan.es/wp-content/uploads/2024/01/logo-marca-buddys.png]
[gentlecan.es/wp-content/uploads/2024/01/logo-marca-fashion-dog.png]
[gentlecan.es/wp-content/uploads/2024/01/logo-marca-gosbi.png]
[gentlecan.es/wp-content/uploads/2024/01/logo-marca-hydra.png]
[gentlecan.es/wp-content/uploads/2024/01/logo-marca-milk-pepper.png]
[gentlecan.es/wp-content/uploads/2024/01/logo-marca-my-family.png]
[gentlecan.es/wp-content/uploads/2024/01/logo-marca-pawfect.png]
[gentlecan.es/wp-content/uploads/2024/01/logo-marca-play.png]
[gentlecan.es/wp-content/uploads/2024/01/logo-marca-pollo-paco.png]
[gentlecan.es/wp-content/uploads/2024/01/logo-marca-terra-canis.png]
[gentlecan.es/wp-content/uploads/2024/01/logo-marca-the-painters-wife.png]
[gentlecan.es/wp-content/uploads/2024/01/logo-marca-wild-one.png]
[gentlecan.es/wp-content/uploads/2024/08/perros2.jpg]
[gentlecan.es/wp-content/uploads/2024/08/sdfavad.png]
[gentlecan.es/wp-content/uploads/2024/07/blog-gentlecan-1.png]
[gentlecan.es/la-importancia-del-ejercicio-diario-para-la-salud-de-tu-perro/index.html]
[gentlecan.es/wp-content/uploads/2023/11/home-newsletter-perro.png]
[gentlecan.es/preparar-a-tu-perro-para-sesion-de-peluqueria/index.html]
[gentlecan.es/wp-content/uploads/2023/08/logo-gentlecan-negative-amarillo.png]
[gentlecan.es/wp-content/uploads/2023/08/footer-picto-pago-1.png]
[gentlecan.es/beneficios-de-la-peluqueria-para-la-salud-de-tu-perro/index.html]
[gentlecan.es/wp-content/uploads/2023/08/Logo-PRTR-kit-digital-blanco.png]
[gentlecan.es/wp-content/uploads/2023/08/UE_blanco.png]
[gentlecan.es/wp-admin/admin-ajax.php]
[gentlecan.es/wp-content/plugins/woocommerce/assets/client/blocks/wc-blocksf3aa.css]
[gentlecan.es/wp-content/uploads/elementor/css/post-7982e7.css]
[gentlecan.es/politica-de-cookies/index.html]
[gentlecan.es/aviso-legal/index.html]
[gentlecan.es/terminos-y-condiciones/index.html]
[gentlecan.es/wp-content/uploads/elementor/css/post-664782e7.css]
[gentlecan.es/wp-content/uploads/elementor/css/post-21382e7.css]
[gentlecan.es/wp-content/plugins/elementor-pro/assets/css/conditionals/popup.min2801.css]
[gentlecan.es/wp-content/plugins/revslider/public/assets/css/rs6f266.css]
[gentlecan.es/wp-content/plugins/revslider/public/assets/js/rbtools.minf266.js]
[gentlecan.es/wp-content/plugins/revslider/public/assets/js/rs6.minf266.js]
[gentlecan.es/wp-content/plugins/woocommerce/assets/js/frontend/woocommerce.min5c8b.js]
[gentlecan.es/wp-content/plugins/custom-facebook-feed/assets/js/cff-scripts274c.js]
[gentlecan.es/wp-content/themes/hello-elementor/assets/js/hello-frontend.min5589.js]
[gentlecan.es/wp-content/plugins/elementor/assets/js/webpack.runtime.min2801.js]
[gentlecan.es/wp-content/plugins/elementor/assets/js/frontend-modules.min2801.js]
[gentlecan.es/wp-includes/js/jquery/ui/core.minb37e.js]
[gentlecan.es/wp-content/plugins/elementor/assets/js/frontend.min2801.js]
[gentlecan.es/wp-content/plugins/elementor-pro/assets/lib/smartmenus/jquery.smartmenus.min1576.js]
[gentlecan.es/wp-content/plugins/elementor/assets/lib/swiper/v8/swiper.min94a4.js]
[gentlecan.es/wp-includes/js/imagesloaded.minbb93.js]
[gentlecan.es/wp-content/plugins/elementskit-lite/widgets/init/assets/js/widget-scripts49eb.js]
[gentlecan.es/wp-content/plugins/woocommerce-multilingual/res/js/cart_widget.min5243.js]
[gentlecan.es/wp-content/plugins/woocommerce/assets/js/sourcebuster/sourcebuster.min5c8b.js]
[gentlecan.es/wp-content/plugins/woocommerce/assets/js/frontend/order-attribution.min5c8b.js]
[gentlecan.es/wp-content/plugins/variation-swatches-for-woocommerce/assets/js/frontend5bf8.js]
[gentlecan.es/wp-content/plugins/google-site-kit/dist/assets/js/googlesitekit-events-provider-woocommerce-454120fdf8df4537b59f.js]
[gentlecan.es/wp-content/plugins/google-site-kit/dist/assets/js/googlesitekit-events-provider-wpforms-063cb453c64ecfd3dafe.js]
[gentlecan.es/wp-content/plugins/make-column-clickable-elementor/assets/js/make-column-clickable2fca.js]
[gentlecan.es/wp-content/plugins/instagram-feed/js/sbi-scripts.min4d80.js]
[gentlecan.es/wp-content/plugins/elementor-pro/assets/js/webpack-pro.runtime.min2801.js]
[gentlecan.es/wp-includes/js/dist/hooks.min4fdd.js]
[gentlecan.es/wp-includes/js/dist/i18n.minc33c.js]
[gentlecan.es/wp-content/plugins/elementor-pro/assets/js/frontend.min2801.js]
[gentlecan.es/wp-content/plugins/elementor-pro/assets/js/elements-handlers.min2801.js]
[gentlecan.es/wp-content/plugins/elementskit-lite/widgets/init/assets/js/animate-circle.min49eb.js]
[gentlecan.es/wp-content/plugins/elementskit-lite/widgets/init/assets/js/elementor49eb.js]
[gentlecan.es/index.html]
[gmpg.org/xfn/default.css]
[gmpg.org/xfn/.html]
[gmpg.org/xfn/intro.html]
[gmpg.org/xfn/11.html]
[www.googletagmanager.com/index.html]
[gmpg.org/xfn/faq.html]
[gentlecan.es/wp-content/plugins/reviews-feed/assets/images/sprite.png]
[gentlecan.es/wp-content/plugins/reviews-feed/assets/images/close.png]
[gentlecan.es/wp-content/plugins/reviews-feed/assets/css/sbr-styles.mine1fc.css]
[gentlecan.es/wp-content/plugins/instagram-feed/img/sbi-sprite.png]
[gentlecan.es/wp-content/plugins/instagram-feed/css/sbi-styles.min4d80.css]
[gentlecan.es/wp-content/plugins/feeds-for-youtube/css/sb-youtube-common.min.css]
[gentlecan.es/wp-content/plugins/feeds-for-youtube/img/close.png]
[gentlecan.es/wp-content/plugins/feeds-for-youtube/css/sb-youtube-free.min8d5a.css]
[gentlecan.es/wp-content/plugins/premium-addons-for-elementor/assets/frontend/min-css/premium-addons.mine32e.css]
[gentlecan.es/wp-content/plugins/chaty-pro/images/whatsapp.png]
[gentlecan.es/wp-content/plugins/chaty-pro/images/header-top.png]
[gentlecan.es/wp-content/plugins/chaty-pro/images/header-bottom.png]
[gentlecan.es/wp-content/plugins/chaty-pro/css/chaty-front.min5f54.css]
[gentlecan.es/wp-content/plugins/custom-twitter-feeds/css/ctf-styles.min254d.css]
[gentlecan.es/wp-content/plugins/top-bar/css/topbar_stylef714.css]
[gentlecan.es/wp-content/plugins/woocommerce/assets/css/woocommerce-layout5c8b.css]
[gentlecan.es/wp-content/plugins/woocommerce/assets/css/woocommerce-smallscreen5c8b.css]
[gentlecan.es/wp-content/plugins/woocommerce/assets/fonts/WooCommerce.woff2]
[gentlecan.es/wp-content/plugins/woocommerce/assets/fonts/WooCommerce.woff]
[gentlecan.es/wp-content/plugins/woocommerce/assets/fonts/WooCommerce.ttf]
[gentlecan.es/wp-content/plugins/woocommerce/assets/css/woocommerce5c8b.css]
[gentlecan.es/wp-includes/fonts/dashicons7d4b.eot]
[gentlecan.es/wp-includes/fonts/dashicons7d4b.ttf]
[gentlecan.es/wp-includes/css/dashicons.minf714.css]
[gentlecan.es/wp-content/plugins/custom-facebook-feed/assets/img/cff-avatar.png]
[gentlecan.es/wp-content/plugins/custom-facebook-feed/assets/css/cff-style.min274c.css]
[gentlecan.es/wp-content/plugins/custom-facebook-feed/assets/fonts/fontawesome-webfont3e6e.eot]
[gentlecan.es/wp-content/plugins/custom-facebook-feed/assets/fonts/fontawesome-webfontd41d.eot]
[gentlecan.es/wp-content/plugins/custom-facebook-feed/assets/fonts/fontawesome-webfont3e6e.woff2]
[gentlecan.es/wp-content/plugins/custom-facebook-feed/assets/fonts/fontawesome-webfont3e6e.woff]
[gentlecan.es/wp-content/plugins/custom-facebook-feed/assets/fonts/fontawesome-webfont3e6e.ttf]
[gentlecan.es/wp-content/plugins/custom-facebook-feed/assets/fonts/fontawesome-webfont3e6e.svg]
[gentlecan.es/wp-content/plugins/custom-facebook-feed/assets/css/font-awesome.min1849.css]
[gentlecan.es/wp-content/plugins/sitepress-multilingual-cms/templates/language-switchers/legacy-list-horizontal/style.min68b3.css]
[gentlecan.es/wp-content/plugins/woocommerce/assets/css/brands5c8b.css]
[gentlecan.es/wp-content/themes/hello-elementor/style.min5589.css]
[gentlecan.es/wp-content/themes/hello-elementor/theme.min5589.css]
[gentlecan.es/wp-content/themes/hello-elementor-child/stylef714.css]
[gentlecan.es/wp-content/themes/hello-elementor/header-footer.min5589.css]
[gentlecan.es/wp-content/plugins/elementor/assets/css/frontend.min2801.css]
[gentlecan.es/wp-content/uploads/elementor/css/post-63e80.css]
[gentlecan.es/wp-content/plugins/elementor/assets/css/widget-image.min2801.css]
[gentlecan.es/wp-content/plugins/elementor-pro/assets/css/widget-nav-menu.min2801.css]
[gentlecan.es/wp-content/plugins/elementor/assets/css/widget-heading.min2801.css]
[gentlecan.es/wp-content/plugins/elementor/assets/css/widget-social-icons.min2801.css]
[gentlecan.es/wp-content/plugins/elementor/assets/css/conditionals/apple-webkit.min2801.css]
[gentlecan.es/wp-content/plugins/elementor/assets/css/widget-spacer.min2801.css]
[gentlecan.es/wp-content/plugins/elementor/assets/css/widget-icon-list.min2801.css]
[gentlecan.es/wp-content/plugins/elementor/assets/lib/eicons/fonts/eicons221d.eot]
[gentlecan.es/wp-content/plugins/elementor/assets/lib/eicons/fonts/eicons221d.woff2]
[gentlecan.es/wp-content/plugins/elementor/assets/lib/eicons/fonts/eicons221d.woff]
[gentlecan.es/wp-content/plugins/elementor/assets/lib/eicons/fonts/eicons221d.ttf]
[gentlecan.es/wp-content/plugins/elementor/assets/lib/eicons/fonts/eicons221d.svg]
[gentlecan.es/wp-content/plugins/elementor/assets/lib/eicons/css/elementor-icons.minf531.css]
[gentlecan.es/wp-content/plugins/elementor/assets/lib/swiper/v8/css/swiper.min94a4.css]
[gentlecan.es/wp-content/plugins/elementor/assets/css/conditionals/e-swiper.min2801.css]
[gentlecan.es/wp-content/plugins/elementor-pro/assets/css/widget-testimonial-carousel.min2801.css]
[gentlecan.es/wp-content/plugins/elementor-pro/assets/css/widget-carousel-module-base.min2801.css]
[gentlecan.es/wp-content/plugins/elementor/assets/lib/animations/styles/fadeInUp.min2801.css]
[gentlecan.es/wp-content/plugins/elementor/assets/css/widget-divider.min2801.css]
[gentlecan.es/wp-content/plugins/elementor-pro/assets/css/widget-media-carousel.min2801.css]
[gentlecan.es/wp-content/plugins/elementor/assets/css/widget-image-carousel.min2801.css]
[gentlecan.es/wp-content/plugins/elementor-pro/assets/css/widget-posts.min2801.css]
[gentlecan.es/wp-content/plugins/elementor-pro/assets/css/widget-form.min2801.css]
[gentlecan.es/wp-content/uploads/2023/11/peluqueria-video-cover.jpg]
[gentlecan.es/wp-content/uploads/2023/11/E69DF276-1C92-4965-B75A-A55206D8BE1B.jpg]
[gentlecan.es/wp-content/uploads/2023/11/home-boutique-BG.jpg]
[gentlecan.es/wp-content/uploads/2023/08/home-categoria-paseo-BG.jpg]
[gentlecan.es/wp-content/uploads/2023/11/home-categoria-comida-BG.jpg]
[gentlecan.es/wp-content/uploads/2023/11/home-categoria-ropa-BG.jpg]
[gentlecan.es/wp-content/uploads/2023/11/home-categoria-descanso-BG.jpg]
[gentlecan.es/wp-content/uploads/2024/01/home-categorias-Cuidados-Domesticos.jpg]
[gentlecan.es/wp-content/uploads/2023/11/home-historia.jpg]
[gentlecan.es/wp-content/uploads/2024/02/home-historia-BG-mbl2-1.jpg]
[gentlecan.es/wp-content/uploads/2023/12/linea-2.png]
[gentlecan.es/wp-content/uploads/elementor/css/post-26f8f1.css]
[gentlecan.es/wp-content/uploads/elementor/css/post-50f8f1.css]
[gentlecan.es/wp-content/uploads/elementor/css/post-415f8f1.css]
[gentlecan.es/wp-content/plugins/variation-swatches-for-woocommerce/assets/css/frontend5bf8.css]
[gentlecan.es/wp-content/plugins/elementskit-lite/widgets/init/assets/img/arrow.png]
[gentlecan.es/wp-content/plugins/elementskit-lite/widgets/init/assets/img/sort_asc.png]
[gentlecan.es/wp-content/plugins/elementskit-lite/widgets/init/assets/img/sort_desc.png]
[gentlecan.es/wp-content/plugins/elementskit-lite/widgets/init/assets/img/sort_asc_disabled.png]
[gentlecan.es/wp-content/plugins/elementskit-lite/widgets/init/assets/css/widget-styles49eb.css]
[gentlecan.es/wp-content/plugins/elementskit-lite/widgets/init/assets/css/responsive49eb.css]
[gentlecan.es/wp-content/uploads/elementor/google-fonts/fonts/dmsans-rp2wp2ywxg089uriczasexd86j3t9jz86mvyykk58vxh.woff2]
[gentlecan.es/wp-content/uploads/elementor/google-fonts/fonts/dmsans-rp2wp2ywxg089uriczasexd86j3t9jz86mvyyky58q.woff2]
[gentlecan.es/wp-content/uploads/elementor/google-fonts/fonts/dmsans-rp2yp2ywxg089urii5-g4vlh9vod8cmcqbu6-k6h9q.woff2]
[gentlecan.es/wp-content/uploads/elementor/google-fonts/fonts/dmsans-rp2yp2ywxg089urii5-g4vlh9vod8cmcqbu0-k4.woff2]
[gentlecan.es/wp-content/uploads/elementor/google-fonts/css/dmsans40b7.css]
[gentlecan.es/wp-content/uploads/elementor/google-fonts/fonts/roboto-kfo5cnqeu92fr1mu53zec9_vu3r1gihoszmkc3kawzu.woff2]
[gentlecan.es/wp-content/uploads/elementor/google-fonts/fonts/roboto-kfo5cnqeu92fr1mu53zec9_vu3r1gihoszmkankawzu.woff2]
[gentlecan.es/wp-content/uploads/elementor/google-fonts/fonts/roboto-kfo5cnqeu92fr1mu53zec9_vu3r1gihoszmkcnkawzu.woff2]
[gentlecan.es/wp-content/uploads/elementor/google-fonts/fonts/roboto-kfo5cnqeu92fr1mu53zec9_vu3r1gihoszmkbxkawzu.woff2]
[gentlecan.es/wp-content/uploads/elementor/google-fonts/fonts/roboto-kfo5cnqeu92fr1mu53zec9_vu3r1gihoszmkenkawzu.woff2]
[gentlecan.es/wp-content/uploads/elementor/google-fonts/fonts/roboto-kfo5cnqeu92fr1mu53zec9_vu3r1gihoszmkahkawzu.woff2]
[gentlecan.es/wp-content/uploads/elementor/google-fonts/fonts/roboto-kfo5cnqeu92fr1mu53zec9_vu3r1gihoszmkcxkawzu.woff2]
[gentlecan.es/wp-content/uploads/elementor/google-fonts/fonts/roboto-kfo5cnqeu92fr1mu53zec9_vu3r1gihoszmkchkawzu.woff2]
[gentlecan.es/wp-content/uploads/elementor/google-fonts/fonts/roboto-kfo5cnqeu92fr1mu53zec9_vu3r1gihoszmkbnka.woff2]
[gentlecan.es/wp-content/uploads/elementor/google-fonts/fonts/roboto-kfo7cnqeu92fr1me7ksn66agldtyluama3gubgee.woff2]
[gentlecan.es/wp-content/uploads/elementor/google-fonts/fonts/roboto-kfo7cnqeu92fr1me7ksn66agldtyluama3iubgee.woff2]
[gentlecan.es/wp-content/uploads/elementor/google-fonts/fonts/roboto-kfo7cnqeu92fr1me7ksn66agldtyluama3cubgee.woff2]
[gentlecan.es/wp-content/uploads/elementor/google-fonts/fonts/roboto-kfo7cnqeu92fr1me7ksn66agldtyluama3-ubgee.woff2]
[gentlecan.es/wp-content/uploads/elementor/google-fonts/fonts/roboto-kfo7cnqeu92fr1me7ksn66agldtyluamawcubgee.woff2]
[gentlecan.es/wp-content/uploads/elementor/google-fonts/fonts/roboto-kfo7cnqeu92fr1me7ksn66agldtyluamaxkubgee.woff2]
[gentlecan.es/wp-content/uploads/elementor/google-fonts/fonts/roboto-kfo7cnqeu92fr1me7ksn66agldtyluama3oubgee.woff2]
[gentlecan.es/wp-content/uploads/elementor/google-fonts/fonts/roboto-kfo7cnqeu92fr1me7ksn66agldtyluama3kubgee.woff2]
[gentlecan.es/wp-content/uploads/elementor/google-fonts/fonts/roboto-kfo7cnqeu92fr1me7ksn66agldtyluama3yuba.woff2]
[gentlecan.es/wp-content/uploads/elementor/google-fonts/css/roboto3884.css]
[gentlecan.es/wp-content/uploads/elementor/google-fonts/fonts/dmserifdisplay-nfhohm81r4j6k0gjaw3mujvu2b2g_vb3vd212k.woff2]
[gentlecan.es/wp-content/uploads/elementor/google-fonts/fonts/dmserifdisplay-nfhohm81r4j6k0gjaw3mujvu2b2g_vb0pd2.woff2]
[gentlecan.es/wp-content/uploads/elementor/google-fonts/fonts/dmserifdisplay-nfnohm81r4j6k0gjaw3mujvu2b2g_5x0ujy.woff2]
[gentlecan.es/wp-content/uploads/elementor/google-fonts/fonts/dmserifdisplay-nfnohm81r4j6k0gjaw3mujvu2b2g_bx0g.woff2]
[gentlecan.es/wp-content/uploads/elementor/google-fonts/css/dmserifdisplayf936.css]
[gentlecan.es/wp-content/plugins/elementor/assets/lib/font-awesome/css/fontawesome.min52d5.css]
[gentlecan.es/wp-content/plugins/elementor/assets/lib/font-awesome/webfonts/fa-solid-900.eot]
[gentlecan.es/wp-content/plugins/elementor/assets/lib/font-awesome/webfonts/fa-solid-900d41d.eot]
[gentlecan.es/wp-content/plugins/elementor/assets/lib/font-awesome/webfonts/fa-solid-900.woff2]
[gentlecan.es/wp-content/plugins/elementor/assets/lib/font-awesome/webfonts/fa-solid-900.woff]
[gentlecan.es/wp-content/plugins/elementor/assets/lib/font-awesome/webfonts/fa-solid-900.ttf]
[gentlecan.es/wp-content/plugins/elementor/assets/lib/font-awesome/css/solid.min52d5.css]
[gentlecan.es/wp-content/plugins/elementor/assets/lib/font-awesome/webfonts/fa-solid-900.svg]
[gentlecan.es/wp-content/plugins/elementskit-lite/modules/elementskit-icon-pack/assets/fonts/elementskit97ac.woff]
[gentlecan.es/wp-content/plugins/elementskit-lite/modules/elementskit-icon-pack/assets/css/ekiticons49eb.css]
[gentlecan.es/wp-content/plugins/elementor/assets/lib/font-awesome/webfonts/fa-brands-400.eot]
[gentlecan.es/wp-content/plugins/elementor/assets/lib/font-awesome/webfonts/fa-brands-400d41d.eot]
[gentlecan.es/wp-content/plugins/elementor/assets/lib/font-awesome/webfonts/fa-brands-400.woff2]
[gentlecan.es/wp-content/plugins/elementor/assets/lib/font-awesome/webfonts/fa-brands-400.woff]
[gentlecan.es/wp-content/plugins/elementor/assets/lib/font-awesome/webfonts/fa-brands-400.ttf]
[gentlecan.es/wp-content/plugins/elementor/assets/lib/font-awesome/css/brands.min52d5.css]
[gentlecan.es/wp-content/plugins/sitepress-multilingual-cms/res/js/cookies/language-cookiee78e.js]
[gentlecan.es/wp-includes/js/jquery/jquery.minf43b.js]
[gentlecan.es/wp-includes/js/jquery/jquery-migrate.min5589.js]
[gentlecan.es/wp-content/plugins/chaty-pro/js/cht-front-script.min5f54.js]
[gentlecan.es/wp-content/plugins/top-bar/js/tpbr_front.minf714.js]
[gentlecan.es/wp-content/plugins/woocommerce/assets/js/jquery-blockui/jquery.blockUI.minb274.js]
[gentlecan.es/wp-content/plugins/woocommerce/assets/js/frontend/add-to-cart.min5c8b.js]
[gentlecan.es/wp-content/plugins/woocommerce/assets/js/js-cookie/js.cookie.min1b05.js]
[www.googletagmanager.com/gtm5445.html]
[gentlecan.es/wp-content/plugins/elementor/assets/lib/font-awesome/webfonts/fa-brands-400.svg]
[gentlecan.es/wp-content/uploads/elementor/css/post-27f292.css]
[gentlecan.es/wp-json/wp/v2/pages/27.json]
[gentlecan.es/wp-json/oembed/1.0/embed5c2d.json]
[gentlecan.es/wp-json/oembed/1.0/embed45df]
[gentlecan.es/wp-content/uploads/2024/01/picto-peluqueria-Corte-comercial.png]
[gentlecan.es/wp-content/uploads/2023/11/peluqueria-gal-4.jpg]
[gentlecan.es/wp-content/uploads/2023/11/Peluqueria-picto-tecnica-1.png]
[gentlecan.es/wp-content/uploads/2024/01/peluqueria-corte-tijeras.jpg]
[gentlecan.es/wp-content/uploads/2024/01/picto-peluqueria-Hand-Stripping.png]
[gentlecan.es/wp-content/uploads/2023/12/peluqueria-Hand-Stripping.jpg]
[gentlecan.es/wp-content/uploads/2024/01/picto-peluqueria-corte-creativo.png]
[gentlecan.es/wp-content/uploads/2023/11/peluqueria-gal-2.jpg]
[gentlecan.es/wp-content/uploads/2024/01/picto-peluqueria-arreglo-cachorros.png]
[gentlecan.es/wp-content/uploads/2023/12/Peluqueria-Arreglo-cachorro.jpg]
[gentlecan.es/wp-content/uploads/2024/01/picto-peluqueria-deslanado.png]
[gentlecan.es/wp-content/uploads/2023/12/peluqueria-deslenado.jpg]
[gentlecan.es/wp-content/uploads/2024/01/picto-peluqueria-bano-pelo-corto.png]
[gentlecan.es/wp-content/uploads/2023/12/peluqueria-Bano-pelo-corto.jpg]
[gentlecan.es/wp-content/uploads/2024/01/peluqueria-mantos-largos.jpg]
[gentlecan.es/wp-content/uploads/2023/12/peluqueria-Arreglo-higienico.jpg]
[gentlecan.es/wp-content/uploads/2023/12/peluqueria-ubicacion-img.jpg]
[gentlecan.es/wp-content/uploads/2023/12/peluqueria-folleto-mantenimiento.png]
[gentlecan.es/wp-content/uploads/2024/01/gentlecan_web_prensa_08.png]
[gentlecan.es/wp-content/uploads/2024/01/gentlecan_web_prensa_07.png]
[gentlecan.es/media/files/dandies-perrunos.pdf]
[gentlecan.es/wp-content/uploads/2024/01/gentlecan_web_prensa_06.png]
[gentlecan.es/wp-content/uploads/2024/01/gentlecan_web_prensa_05.png]
[gentlecan.es/wp-content/uploads/elementor/css/post-930f292.css]
[gentlecan.es/wp-content/uploads/elementor/css/post-991f292.css]
[gentlecan.es/wp-content/uploads/elementor/css/post-998f292.css]
[gentlecan.es/wp-content/uploads/elementor/css/post-1006f292.css]
[gentlecan.es/wp-content/uploads/elementor/css/post-1048f292.css]
[gentlecan.es/wp-content/uploads/elementor/css/post-1045f292.css]
[gentlecan.es/wp-content/uploads/elementor/css/post-1053f292.css]
[gentlecan.es/wp-content/uploads/elementor/css/post-1056f292.css]
[gentlecan.es/wp-content/uploads/elementor/css/post-1059f292.css]
[gentlecan.es/wp-content/uploads/elementor/css/post-1072f292.css]
[gentlecan.es/wp-content/uploads/elementor/css/post-6366f292.css]
[gentlecan.es/wp-content/uploads/elementor/css/post-6368f292.css]
[gentlecan.es/wp-content/uploads/elementor/css/post-6370f292.css]
[gentlecan.es/wp-content/uploads/elementor/css/post-6372f292.css]
[gentlecan.es/wp-content/uploads/elementor/css/post-6374f292.css]
[gentlecan.es/wp-content/uploads/elementor/css/post-6376f292.css]
[gentlecan.es/wp-content/uploads/elementor/css/post-6380f292.css]
[gentlecan.es/peluqueria-canina-madrid/index.html]
[gentlecan.es/wp-content/uploads/elementor/css/post-64016d08.css]
[gentlecan.es/wp-json/wp/v2/pages/6401.json]
[gentlecan.es/wp-json/oembed/1.0/embedcca3.json]
[gentlecan.es/wp-json/oembed/1.0/embedc1b1]
[gentlecan.es/wp-content/uploads/2024/02/Peluqueria-objetivo3.jpg]
[gentlecan.es/wp-content/uploads/2024/01/Quienes-somos-atencion.jpg]
[gentlecan.es/wp-content/uploads/2024/01/Quienes-somos-trato.jpg]
[gentlecan.es/wp-content/uploads/2024/01/Quienes-somos-espacio.jpg]
[gentlecan.es/quienes-somos/index.html]
[gentlecan.es/wp-includes/css/dist/block-library/style.minf714.css]
[gentlecan.es/wp-content/uploads/elementor/css/post-1260797a.css]
[gentlecan.es/wp-content/uploads/2023/11/bLOG-5-1.webp]
[gentlecan.es/wp-content/uploads/2023/10/bLOG-8.webp]
[gentlecan.es/blog-perros/page/2/index.html]
[gentlecan.es/wp-content/uploads/2023/09/bLOG-7-e1695899824207.webp]
[gentlecan.es/wp-content/uploads/2023/08/bLOG.webp]
[gentlecan.es/el-perro-mestizo/index.html]
[gentlecan.es/el-bichon-maltes/index.html]
[gentlecan.es/wp-content/uploads/2023/06/Gentlecan-12-scaled-1.webp]
[gentlecan.es/la-muda-en-los-perros-guia-completa-sobre-un-proceso-natural/index.html]
[gentlecan.es/el-teckel/index.html]
[gentlecan.es/wp-content/uploads/2023/06/bLOG-27-e1687793456246.webp]
[gentlecan.es/wp-content/uploads/2023/06/bLOG-24.webp]
[gentlecan.es/wp-content/uploads/2023/06/Portadas-BLOG-1.webp]
[gentlecan.es/la-importancia-del-bienestar-mental-en-los-perros/index.html]
[gentlecan.es/como-afrontar-el-verano-con-tu-perro/index.html]
[gentlecan.es/el-caniche/index.html]
[gentlecan.es/wp-content/uploads/2023/05/bLOG-21.png]
[gentlecan.es/wp-content/uploads/2023/04/Diseno-sin-titulo-85.webp]
[gentlecan.es/wp-content/uploads/2023/03/bLOG-20.webp]
[gentlecan.es/normas-y-recomendaciones-para-viajar-con-mascotas/index.html]
[gentlecan.es/el-shih-tzu/index.html]
[gentlecan.es/wp-content/uploads/2023/02/BLOG-copia.png]
[gentlecan.es/los-snacks-para-perros/index.html]
[gentlecan.es/el-border-collie/index.html]
[gentlecan.es/wp-content/uploads/2023/01/IMAGEN-DESTACADA-BLOG-61.png]
[gentlecan.es/wp-content/uploads/2023/01/FOTO-CANICHE.webp]
[gentlecan.es/wp-content/uploads/2022/12/Gentlecan-camas-Fantail-6-scaled-1.jpg]
[gentlecan.es/como-pasear-a-mi-perro/index.html]
[gentlecan.es/correas-para-perros-guia-elegir/index.html]
[gentlecan.es/como-banar-al-perro/index.html]
[gentlecan.es/wp-content/uploads/2022/12/COMEDEROS-PERROS-HUNTER-_-SOPHIE-ALLPORT-scaled-1.jpg]
[gentlecan.es/wp-content/uploads/2022/10/DSC9326.jpg]
[gentlecan.es/wp-content/uploads/2020/09/6-scaled-1.jpg]
[gentlecan.es/cuidados-segun-el-pelo-de-tu-perro/index.html]
[gentlecan.es/wp-content/uploads/2020/08/TRATO-DE-REYES-ARELIS-Y-TULA-WESTIE-scaled-1.jpg]
[gentlecan.es/cual-es-el-comedero-ideal-para-tu-perro/index.html]
[gentlecan.es/blog-perros/index.html]
[gentlecan.es/collar-o-arnes-cual-es-mejor-para-mi-perro/index.html]
[gentlecan.es/wp-content/uploads/elementor/css/post-341e61.css]
[gentlecan.es/como-mantener-brillante-el-pelo-de-mi-perro/index.html]
[gentlecan.es/las-5-mejores-peluquerias-caninas-de-madrid/index.html]
[gentlecan.es/wp-json/wp/v2/pages/34.json]
[gentlecan.es/wp-json/oembed/1.0/embedfc7c.json]
[gentlecan.es/contactar/index.html]
[gentlecan.es/wp-json/oembed/1.0/embedfbe8]
[gentlecan.es/wp-content/uploads/elementor/css/post-791c08b.css]
[gentlecan.es/politica-de-privacitat/index.html]
[gentlecan.es/wp-json/wp/v2/pages/791.json]
[gentlecan.es/wp-json/oembed/1.0/embedd65d.json]
[gentlecan.es/reservas/index.html]
[gentlecan.es/wp-json/oembed/1.0/embed6239]
[gentlecan.es/wp-content/plugins/elementor-pro/assets/css/widget-post-info.min2801.css]
[gentlecan.es/wp-content/plugins/elementor/assets/lib/font-awesome/css/regular.min52d5.css]
[gentlecan.es/wp-content/uploads/elementor/css/post-6185bbbd.css]
[gentlecan.es/wp-json/wp/v2/posts/8096.json]
[gentlecan.es/wp-json/oembed/1.0/embede366.json]
[gentlecan.es/wp-json/oembed/1.0/embed2754]
[gentlecan.es/wp-content/uploads/2024/08/perros1-1024x678.jpg]
[gentlecan.es/wp-content/uploads/2024/08/perros2-1-1024x679.jpg]
[gentlecan.es/wp-content/uploads/2024/08/perros3-1-1024x677.jpg]
[gentlecan.es/la-importancia-del-ejercicio-diario-para-la-salud-de-tu-perro/index.html]
[gentlecan.es/en/category/sin-categorizar/index.html]
[gentlecan.es/2024/08/08/index.html]
[gentlecan.es/wp-json/wp/v2/posts/8085.json]
[gentlecan.es/wp-json/oembed/1.0/embeddeaf.json]
[gentlecan.es/wp-json/oembed/1.0/embed9d7a]
[gentlecan.es/wp-content/uploads/2024/08/dasasdfadva-1024x673.png]
[gentlecan.es/wp-content/uploads/2024/08/adcasdfasdf-1024x677.png]
[gentlecan.es/preparar-a-tu-perro-para-sesion-de-peluqueria/index.html]
[gentlecan.es/2024/07/23/index.html]
[gentlecan.es/wp-json/wp/v2/posts/8035.json]
[gentlecan.es/wp-json/oembed/1.0/embedd265.json]
[gentlecan.es/wp-json/oembed/1.0/embed6aa6]
[gentlecan.es/wp-content/uploads/2024/07/image2-edited.jpg]
[gentlecan.es/wp-content/uploads/2024/07/image1-edited.jpg]
[gentlecan.es/wp-content/uploads/2024/07/blog-gentlecan-1-1024x684.png]
[gentlecan.es/beneficios-de-la-peluqueria-para-la-salud-de-tu-perro/index.html]
[gentlecan.es/blog/index.html]
[gentlecan.es/peluqueria-canina/index.html]
[gentlecan.es/2024/07/15/index.html]
[gentlecan.es/wp-content/uploads/elementor/css/post-6718f6e6.css]
[gentlecan.es/wp-json/wp/v2/pages/6718.json]
[gentlecan.es/wp-json/oembed/1.0/embedac49.json]
[gentlecan.es/politica-de-cookies/index.html]
[gentlecan.es/wp-json/oembed/1.0/embeda8d4]
[gentlecan.es/wp-content/uploads/elementor/css/post-6292a5d6.css]
[gentlecan.es/wp-json/wp/v2/pages/6292.json]
[gentlecan.es/wp-json/oembed/1.0/embedf5bf.json]
[gentlecan.es/aviso-legal/index.html]
[gentlecan.es/wp-json/oembed/1.0/embedfd97]
[gentlecan.es/wp-content/uploads/elementor/css/post-6307a5d6.css]
[gentlecan.es/wp-json/wp/v2/pages/6307.json]
[gentlecan.es/wp-json/oembed/1.0/embedccb7.json]
[gentlecan.es/terminos-y-condiciones/index.html]
[gentlecan.es/wp-admin/admin-ajax.html]
[gentlecan.es/wp-content/plugins/woocommerce/assets/client/blocks/wc-blocksf3aa.css]
[gentlecan.es/wp-json/oembed/1.0/embed5663]
[gentlecan.es/wp-content/uploads/2023/08/Home-slide-cover-comederos-scaled.jpg]
[gentlecan.es/wp-content/uploads/2023/08/home-slide01-mbl.jpg]
[gentlecan.es/wp-content/uploads/elementor/css/post-7982e7.css]
[gentlecan.es/wp-content/uploads/elementor/css/post-664782e7.css]
[gentlecan.es/wp-content/uploads/elementor/css/post-21382e7.css]
[gentlecan.es/wp-content/plugins/elementor/assets/lib/animations/styles/slideInLeft.min2801.css]
[gentlecan.es/wp-content/plugins/elementor-pro/assets/css/conditionals/popup.min2801.css]
[gentlecan.es/wp-content/plugins/revslider/public/assets/fonts/revicons/revicons90c6.eot]
[gentlecan.es/wp-content/plugins/revslider/public/assets/fonts/revicons/revicons90c6.woff]
[gentlecan.es/wp-content/plugins/revslider/public/assets/fonts/revicons/revicons90c6.ttf]
[gentlecan.es/wp-content/plugins/revslider/public/assets/fonts/revicons/revicons90c6.svg]
[gentlecan.es/wp-content/plugins/revslider/public/assets/css/openhand.cur]
[gentlecan.es/wp-content/plugins/revslider/public/assets/css/closedhand.cur]
[gentlecan.es/wp-content/plugins/revslider/public/assets/assets/gridtile.png]
[gentlecan.es/wp-content/plugins/revslider/public/assets/assets/gridtile_white.png]
[gentlecan.es/wp-content/plugins/revslider/public/assets/assets/gridtile_3x3.png]
[gentlecan.es/wp-content/plugins/revslider/public/assets/assets/gridtile_3x3_white.png]
[gentlecan.es/wp-content/plugins/revslider/public/assets/assets/coloredbg.png]
[gentlecan.es/wp-content/plugins/revslider/public/assets/assets/loader.gif]
[gentlecan.es/wp-content/plugins/revslider/public/assets/css/rs6f266.css]
[gentlecan.es/wp-content/plugins/revslider/public/assets/js/rbtools.minf266.js]
[gentlecan.es/dummy.png]
[gentlecan.es/wp-content/plugins/revslider/public/assets/js/rs6.minf266.js]
[gentlecan.es/wp-content/plugins/woocommerce/assets/js/frontend/woocommerce.min5c8b.js]
[player.vimeo.com/api/player.js]
[gentlecan.es/content.16e.delayed]
[gentlecan.es/footer]
[gentlecan.es/header]
[gentlecan.es/sidebar]
[gentlecan.es/wp-content/plugins/custom-facebook-feed/assets/js/cff-scripts274c.js]
[gentlecan.es/wp-content/themes/hello-elementor/assets/js/hello-frontend.min5589.js]
[gentlecan.es/wp-content/plugins/elementor/assets/js/webpack.runtime.min2801.js]
[gentlecan.es/wp-content/plugins/elementor/assets/js/frontend-modules.min2801.js]
[gentlecan.es/wp-includes/js/jquery/ui/core.minb37e.js]
[gentlecan.es/wp-content/plugins/elementor/assets/js/frontend.min2801.js]
[gentlecan.es/wp-content/plugins/elementor-pro/assets/lib/smartmenus/jquery.smartmenus.min1576.js]
[gentlecan.es/OPR/index.html]
[gentlecan.es/t.params.url]
[gentlecan.es/wp-content/plugins/elementor/assets/lib/swiper/v8/swiper.min94a4.js]
[gentlecan.es/wp-includes/js/imagesloaded.minbb93.js]
[gentlecan.es/wp-content/plugins/elementskit-lite/libs/framework/assets/js/frontend-script49eb.js]
[gentlecan.es/wp-content/plugins/elementskit-lite/widgets/init/assets/js/widget-scripts49eb.js]
[gentlecan.es/POST]
[gentlecan.es/wp-content/plugins/woocommerce-multilingual/res/js/cart_widget.min5243.js]
[gentlecan.es/wp-content/plugins/woocommerce/assets/js/sourcebuster/sourcebuster.min5c8b.js]
[gentlecan.es/wp-content/plugins/woocommerce/assets/js/frontend/order-attribution.min5c8b.js]
[gentlecan.es/wp-content/plugins/variation-swatches-for-woocommerce/assets/js/frontend5bf8.js]
[gentlecan.es/wp-content/plugins/google-site-kit/dist/assets/js/googlesitekit-events-provider-woocommerce-454120fdf8df4537b59f.js]
[gentlecan.es/wp-content/plugins/google-site-kit/dist/assets/js/googlesitekit-events-provider-wpforms-063cb453c64ecfd3dafe.js]
[gentlecan.es/wp-content/plugins/make-column-clickable-elementor/assets/js/make-column-clickable2fca.js]
[gentlecan.es/wp-content/plugins/instagram-feed/js/sbi-scripts.min4d80.js]
[gentlecan.es/wp-content/plugins/elementor-pro/assets/js/webpack-pro.runtime.min2801.js]
[gentlecan.es/wp-includes/js/dist/hooks.min4fdd.js]
[gentlecan.es/wp-includes/js/dist/i18n.minc33c.js]
[gentlecan.es/wp-content/plugins/elementor-pro/assets/js/frontend.min2801.js]
[gentlecan.es/window.location.href]
[gentlecan.es/wp-content/plugins/elementor-pro/assets/js/elements-handlers.min2801.js]
[gentlecan.es/wp-content/plugins/elementskit-lite/widgets/init/assets/js/animate-circle.min49eb.js]
[gentlecan.es/e,window.location.origin]
[gentlecan.es/wp-content/plugins/elementskit-lite/widgets/init/assets/js/elementor49eb.js]
[gmpg.org/xfn/default.css]
[gmpg.org/xfn/.html]
[gmpg.org/xfn/intro.html]
[gmpg.org/xfn/faq.html]
[gentlecan.es/wp-content/plugins/feeds-for-youtube/img/sby-sprite.png]
[gentlecan.es/wp-content/plugins/feeds-for-youtube/css/sb-youtube-common.min.css]
[gentlecan.es/wp-content/plugins/woocommerce/assets/images/icons/loader.svg]
[gentlecan.es/wp-content/plugins/custom-facebook-feed/assets/fonts/fontawesome-webfont3e6e.svg]
[gentlecan.es/wp-content/plugins/elementor/assets/lib/eicons/fonts/eicons221d.svg]
[gentlecan.es/wp-content/plugins/elementskit-lite/widgets/init/assets/img/cross-out.svg]
[gentlecan.es/wp-content/plugins/elementor/assets/lib/font-awesome/webfonts/fa-solid-900.svg]
[gentlecan.es/wp-content/plugins/elementor/assets/lib/font-awesome/webfonts/fa-brands-400.svg]
[gentlecan.es/wp-content/uploads/2023/11/home-boutique-madrid.jpg]
[gentlecan.es/wp-content/uploads/2024/01/Peluqueria-trama-escocesa-azul3.jpg]
[gentlecan.es/wp-content/uploads/elementor/css/post-27f292.css]
[gentlecan.es/media/files/dandies-perrunos.html]
[gentlecan.es/wp-content/uploads/elementor/css/post-930f292.css]
[gentlecan.es/wp-content/uploads/elementor/css/post-991f292.css]
[gentlecan.es/wp-content/uploads/elementor/css/post-998f292.css]
[gentlecan.es/wp-content/uploads/elementor/css/post-1006f292.css]
[gentlecan.es/wp-content/uploads/elementor/css/post-1048f292.css]
[gentlecan.es/wp-content/uploads/elementor/css/post-1045f292.css]
[gentlecan.es/wp-content/uploads/elementor/css/post-1053f292.css]
[gentlecan.es/wp-content/uploads/elementor/css/post-1056f292.css]
[gentlecan.es/wp-content/uploads/elementor/css/post-1059f292.css]
[gentlecan.es/wp-content/uploads/elementor/css/post-1072f292.css]
[gentlecan.es/wp-content/plugins/elementor/assets/lib/animations/styles/fadeIn.min2801.css]
[gentlecan.es/wp-content/uploads/elementor/css/post-6366f292.css]
[gentlecan.es/wp-content/uploads/elementor/css/post-6368f292.css]
[gentlecan.es/wp-content/uploads/elementor/css/post-6370f292.css]
[gentlecan.es/wp-content/uploads/elementor/css/post-6372f292.css]
[gentlecan.es/wp-content/uploads/elementor/css/post-6374f292.css]
[gentlecan.es/wp-content/uploads/elementor/css/post-6376f292.css]
[gentlecan.es/wp-content/uploads/elementor/css/post-6380f292.css]
[gentlecan.es/wp-content/uploads/2024/01/Peluqueria-cover-video-scaled.jpg]
[gentlecan.es/wp-content/uploads/2024/02/quienes-somos-header-img-mbl2.jpg]
[gentlecan.es/wp-content/uploads/elementor/css/post-64016d08.css]
[gentlecan.es/blog-perros/page/2/index.html]
[gentlecan.es/wp-includes/css/dist/block-library/style.minf714.css]
[gentlecan.es/wp-content/uploads/elementor/css/post-1260797a.css]
[gentlecan.es/wp-json/wp/v2/posts/5955.json]
[gentlecan.es/blog-perros/page/3/index.html]
[gentlecan.es/el-perro-mestizo/feed/index.html]
[gentlecan.es/wp-json/oembed/1.0/embed6bf5.json]
[gentlecan.es/wp-json/oembed/1.0/embed81f4]
[gentlecan.es/wp-content/uploads/2023/11/Diseno-sin-titulo-55.webp]
[gentlecan.es/wp-content/uploads/2023/11/Diseno-sin-titulo-54-e1700233278243.webp]
[gentlecan.es/wp-content/uploads/2023/11/HUNTER21-thumbnail-2000x2000-1.png]
[gentlecan.es/wp-content/uploads/2023/11/OH-CHARLIE7-thumbnail-2000x2000-1.png]
[gentlecan.es/wp-content/uploads/2023/11/HYDRA-14-thumbnail-2000x2000-1.png]
[gentlecan.es/2023/11/17/index.html]
[gentlecan.es/wp-content/uploads/2023/11/huevo-molon-payaso-lanco-e1685038550124-1-e1700238039461.webp]
[gentlecan.es/wp-content/uploads/2023/11/Diseno-sin-titulo-57.png]
[gentlecan.es/el-perro-mestizo/index.html]
[gentlecan.es/wp-json/wp/v2/posts/5908.json]
[gentlecan.es/el-bichon-maltes/feed/index.html]
[gentlecan.es/wp-json/oembed/1.0/embed98c4.json]
[gentlecan.es/wp-json/oembed/1.0/embedaac0]
[gentlecan.es/wp-content/uploads/2023/10/1-3.webp]
[gentlecan.es/wp-content/uploads/2023/10/2-1.webp]
[gentlecan.es/wp-content/uploads/2023/10/4-4.webp]
[gentlecan.es/wp-content/uploads/2023/10/3-3.webp]
[gentlecan.es/wp-content/uploads/2023/10/TRATAMIENTO-HIDRATACION-MANTOS-LARGOS-BICHON-MALTES-COSMETICA-HYDRA.webp]
[gentlecan.es/2023/10/24/index.html]
[gentlecan.es/wp-content/uploads/2023/10/TRATAMIENTO-HIDRATACION-MANTOS-LARGOS-BICHON-MALTES.webp]
[gentlecan.es/wp-content/uploads/2023/10/58.Bowl-perro_wildone-thumbnail-2000x2000-1-e1697527567300.webp]
[gentlecan.es/wp-content/uploads/2023/10/HYDRA-4-thumbnail-2000x2000-1-e1697527483266.webp]
[gentlecan.es/wp-content/uploads/2023/10/18102022113136.MILKPEPPER_WINTER222-thumbnail-2000x2000-80.webp]
[gentlecan.es/wp-content/uploads/2023/10/14022023130105.ARTERO-thumbnail-2000x2000-80-1-e1697527516368.webp]
[gentlecan.es/wp-content/uploads/2023/10/JUGUETE-PELUCHE-PERRO4-thumbnail-2000x2000-1.png]
[gentlecan.es/wp-content/uploads/2023/10/59.CHAPA-PERRO-e1697527538861.webp]
[gentlecan.es/el-bichon-maltes/index.html]
[gentlecan.es/wp-json/wp/v2/posts/5863.json]
[gentlecan.es/la-muda-en-los-perros-guia-completa-sobre-un-proceso-natural/feed/index.html]
[gentlecan.es/wp-json/oembed/1.0/embedfbfd.json]
[gentlecan.es/wp-json/oembed/1.0/embed0e49]
[gentlecan.es/wp-content/uploads/2023/09/STRIPPING-SCHNAUZER-SAL-Y-PIMIENTA.webp]
[gentlecan.es/wp-content/uploads/2023/09/Diseno-sin-titulo-24-e1695899940116.png]
[gentlecan.es/la-muda-en-los-perros-guia-completa-sobre-un-proceso-natural/index.html]
[gentlecan.es/2023/10/04/index.html]
[gentlecan.es/wp-json/wp/v2/posts/5802.json]
[gentlecan.es/el-teckel/feed/index.html]
[gentlecan.es/wp-json/oembed/1.0/embedc1cb.json]
[gentlecan.es/wp-json/oembed/1.0/embed9952]
[gentlecan.es/wp-content/uploads/2023/08/bLOG-3-e1692780017813.webp]
[gentlecan.es/wp-content/uploads/2023/08/bLOG-6-e1692865192424.webp]
[gentlecan.es/wp-content/uploads/2023/08/bLOG-4-e1692815170279.webp]
[gentlecan.es/wp-content/uploads/2023/08/2.png]
[gentlecan.es/2023/09/14/index.html]
[gentlecan.es/wp-content/uploads/2023/08/Diseno-sin-titulo-8.webp]
[gentlecan.es/wp-content/uploads/2023/08/3.png]
[gentlecan.es/wp-content/uploads/2023/08/WILDONE-thumbnail-2000x2000-1-1000x1000-1.png]
[gentlecan.es/wp-content/uploads/2023/08/4-thumbnail-2000x2000-1-1000x833-1-e1693210849545.png]
[gentlecan.es/wp-content/uploads/2023/08/Diseno-sin-titulo-9.webp]
[gentlecan.es/el-teckel/index.html]
[gentlecan.es/wp-json/wp/v2/posts/5709.json]
[gentlecan.es/la-importancia-del-bienestar-mental-en-los-perros/feed/index.html]
[gentlecan.es/wp-json/oembed/1.0/embedf976.json]
[gentlecan.es/wp-json/oembed/1.0/embedd641]
[gentlecan.es/wp-content/uploads/2023/06/Diseno-sin-titulo-2023-06-28T115849.043-1-e1687946826727.webp]
[gentlecan.es/wp-content/uploads/2023/07/DESCANSO-PERRO-CAMAS-TECKEL-scaled.webp]
[gentlecan.es/wp-content/uploads/2023/06/Diseno-sin-titulo-2023-06-28T163041.686.webp]
[gentlecan.es/2023/07/21/index.html]
[gentlecan.es/category/producto/index.html]
[gentlecan.es/wp-content/uploads/2023/06/10-2-600x400.webp]
[gentlecan.es/wp-content/uploads/2023/06/10-2.webp]
[gentlecan.es/wp-content/uploads/2023/06/9-2-600x400.webp]
[gentlecan.es/wp-content/uploads/2023/06/9-2.webp]
[gentlecan.es/wp-content/uploads/2023/06/Paika-2-e1687952475433.webp]
[gentlecan.es/wp-content/uploads/2023/06/1052001_PAIKKA_Seashell_Playmat_7_1080x-600x400.webp]
[gentlecan.es/wp-content/uploads/2023/06/1052001_PAIKKA_Seashell_Playmat_7_1080x.webp]
[gentlecan.es/wp-content/uploads/2023/06/1052001_PAIKKA_Seashell_Playmat_17_1080x-600x400.webp]
[gentlecan.es/wp-content/uploads/2023/06/1052001_PAIKKA_Seashell_Playmat_17_1080x.webp]
[gentlecan.es/wp-content/uploads/2023/06/Inooko-1-e1687962464718.webp]
[gentlecan.es/wp-content/uploads/2023/06/inooko-Tapis-lechage-YoomY-Burger-3_540x-e1687962305683-450x400.webp]
[gentlecan.es/wp-content/uploads/2023/06/inooko-Tapis-lechage-YoomY-Burger-3_540x-e1687962305683.webp]
[gentlecan.es/wp-content/uploads/2023/06/inooko-Tapis-lechage-YoomY-Burger-4_540x-e1687962326616-450x400.webp]
[gentlecan.es/wp-content/uploads/2023/06/inooko-Tapis-lechage-YoomY-Burger-4_540x-e1687962326616.webp]
[gentlecan.es/la-importancia-del-bienestar-mental-en-los-perros/index.html]
[gentlecan.es/wp-json/wp/v2/posts/5657.json]
[gentlecan.es/como-afrontar-el-verano-con-tu-perro/feed/index.html]
[gentlecan.es/wp-json/oembed/1.0/embed4e87.json]
[gentlecan.es/wp-json/oembed/1.0/embed8f54]
[gentlecan.es/wp-content/uploads/2023/06/DSC9227-1.webp]
[gentlecan.es/wp-content/uploads/2023/06/17082022140555.Balsamo_patas_pet_head2-thumbnail-2000x2000-80-1400x1400-1.jpg]
[gentlecan.es/wp-content/uploads/2023/06/1-5.webp]
[gentlecan.es/wp-content/uploads/2023/06/1-7.webp]
[gentlecan.es/wp-content/uploads/2023/06/1-6.webp]
[gentlecan.es/2023/06/28/index.html]
[gentlecan.es/wp-content/uploads/2023/06/5-2.webp]
[gentlecan.es/wp-content/uploads/2023/06/7.webp]
[gentlecan.es/wp-content/uploads/2023/06/9-1.webp]
[gentlecan.es/wp-content/uploads/2023/06/8.webp]
[gentlecan.es/wp-content/uploads/2023/05/Diseno-sin-titulo-2023-05-18T142255.303-1.webp]
[gentlecan.es/wp-content/uploads/2023/05/BOLSO-PERRO_WILDONE2-thumbnail-2000x2000-1-1-e1685089867730.png]
[gentlecan.es/como-afrontar-el-verano-con-tu-perro/index.html]
[gentlecan.es/el-caniche/feed/index.html]
[gentlecan.es/wp-json/wp/v2/posts/5584.json]
[gentlecan.es/wp-json/oembed/1.0/embed2590.json]
[gentlecan.es/wp-json/oembed/1.0/embed27f3]
[gentlecan.es/wp-content/uploads/2023/06/CANICHE-TOY_BANDANA-SNIFF-BARK.webp]
[gentlecan.es/wp-content/uploads/2023/06/blog-snacks-6.webp]
[gentlecan.es/wp-content/uploads/2023/06/BANO-SPA-CANICHE-TOY-ROJO-scaled.webp]
[gentlecan.es/wp-content/uploads/2023/06/Poppy-Ted-6.webp]
[gentlecan.es/2023/06/12/index.html]
[gentlecan.es/wp-content/uploads/2023/06/Paika-1.webp]
[gentlecan.es/wp-content/uploads/2023/06/Diseno-sin-titulo-2023-06-07T171204.403-1.webp]
[gentlecan.es/wp-content/uploads/2023/06/17082022140512.balsamo_patas_pet_head-thumbnail-2000x2000-1-e1686151540352.png]
[gentlecan.es/wp-content/uploads/2023/06/Inooko.webp]
[gentlecan.es/wp-content/uploads/2023/06/Diseno-sin-titulo-2023-06-07T172446.393.webp]
[gentlecan.es/el-caniche/index.html]
[gentlecan.es/wp-json/wp/v2/posts/5511.json]
[gentlecan.es/normas-y-recomendaciones-para-viajar-con-mascotas/feed/index.html]
[gentlecan.es/wp-json/oembed/1.0/embedb750.json]
[gentlecan.es/wp-json/oembed/1.0/embede394]
[gentlecan.es/wp-content/uploads/2023/05/Glamour_carseat-scaled-thumbnail-2000x2000-80.jpg]
[gentlecan.es/wp-content/uploads/2023/05/Glamour_carseat_grey-thumbnail-2000x2000-80.jpg]
[gentlecan.es/wp-content/uploads/2023/05/HUNTER_BOLSO-TRANSPORTIN-ORLANDO_KHAKI_5-1-thumbnail-2000x2000-80.webp]
[gentlecan.es/wp-content/uploads/2023/06/Diseno-sin-titulo-2023-05-26T132247.757.webp]
[gentlecan.es/wp-content/uploads/2023/06/OH-CHARLIE20-thumbnail-2000x2000-1-e1685099027903.png]
[gentlecan.es/2023/06/06/index.html]
[gentlecan.es/wp-content/uploads/2023/06/Diseno-sin-titulo-2023-05-26T131016.815.webp]
[gentlecan.es/wp-content/uploads/2023/06/Diseno-sin-titulo-2023-05-26T130743.666.webp]
[gentlecan.es/normas-y-recomendaciones-para-viajar-con-mascotas/index.html]
[gentlecan.es/wp-json/wp/v2/posts/5439.json]
[gentlecan.es/el-shih-tzu/feed/index.html]
[gentlecan.es/wp-json/oembed/1.0/embed67e1.json]
[gentlecan.es/wp-json/oembed/1.0/embedc55f]
[gentlecan.es/wp-content/uploads/2023/05/WhatsApp-Image-2023-05-11-at-18.03.25.webp]
[gentlecan.es/wp-content/uploads/2023/05/Diseno-sin-titulo-2023-05-10T120354.529.png]
[gentlecan.es/wp-content/uploads/2023/05/HIGIENE-PERRO_HYDRA9-thumbnail-2000x2000-1-e1683710758121.png]
[gentlecan.es/wp-content/uploads/2023/05/BOLSO-PERRO_WILDONE2-thumbnail-2000x2000-1.png]
[gentlecan.es/wp-content/uploads/2023/05/MILK-PEPPER-18.png]
[gentlecan.es/2023/05/23/index.html]
[gentlecan.es/wp-content/uploads/2023/05/MILK-PEPPER-19.png]
[gentlecan.es/wp-content/uploads/2023/05/PAWFECT.png]
[gentlecan.es/wp-content/uploads/2023/05/30.CHAPA-PERRO-e1682013889600.png]
[gentlecan.es/el-shih-tzu/index.html]
[gentlecan.es/wp-json/wp/v2/posts/5271.json]
[gentlecan.es/los-snacks-para-perros/feed/index.html]
[gentlecan.es/wp-json/oembed/1.0/embed9c71.json]
[gentlecan.es/wp-json/oembed/1.0/embed1931]
[gentlecan.es/wp-content/uploads/2023/04/Diseno-sin-titulo-2023-04-04T141426.024-e1680610646776.webp]
[gentlecan.es/wp-content/uploads/2023/04/blog-snacks.webp]
[gentlecan.es/wp-content/uploads/2023/04/blog-snacks-2-1.webp]
[gentlecan.es/wp-content/uploads/2023/04/blog-snacks-4-1.webp]
[gentlecan.es/2023/04/04/index.html]
[gentlecan.es/wp-content/uploads/2023/04/blog-snacks-1.webp]
[gentlecan.es/los-snacks-para-perros/index.html]
[gentlecan.es/wp-json/wp/v2/posts/5178.json]
[gentlecan.es/el-border-collie/feed/index.html]
[gentlecan.es/wp-json/oembed/1.0/embedbeac.json]
[gentlecan.es/wp-json/oembed/1.0/embeddf48]
[gentlecan.es/wp-content/uploads/2023/03/Captura-de-pantalla-2023-03-15-a-las-12.23.32.png]
[gentlecan.es/wp-content/uploads/2023/03/HUNTER35-thumbnail-2000x2000-1-e1678880029922.webp]
[gentlecan.es/wp-content/uploads/2023/03/1-31-e1678881128102.png]
[gentlecan.es/2023/03/20/index.html]
[gentlecan.es/wp-content/uploads/2023/03/1.png]
[gentlecan.es/wp-content/uploads/2023/03/2.png]
[gentlecan.es/wp-content/uploads/2023/03/4.png]
[gentlecan.es/wp-content/uploads/2023/03/3.png]
[gentlecan.es/wp-content/uploads/2023/03/5.png]
[gentlecan.es/wp-content/uploads/2023/03/6.png]
[gentlecan.es/el-border-collie/index.html]
[gentlecan.es/wp-json/wp/v2/posts/4898.json]
[gentlecan.es/como-pasear-a-mi-perro/feed/index.html]
[gentlecan.es/wp-json/oembed/1.0/embedc3b4.json]
[gentlecan.es/wp-json/oembed/1.0/embed26bf]
[gentlecan.es/wp-content/uploads/2023/02/bLOG-14.webp]
[gentlecan.es/wp-content/uploads/2023/02/Diseno-sin-titulo-2.svg]
[gentlecan.es/wp-content/uploads/2023/02/5.webp]
[gentlecan.es/wp-content/uploads/2023/02/2.webp]
[gentlecan.es/2023/02/28/index.html]
[gentlecan.es/wp-content/uploads/2023/02/4.webp]
[gentlecan.es/wp-content/uploads/2023/02/3.webp]
[gentlecan.es/wp-content/uploads/2023/02/1.webp]
[gentlecan.es/wp-content/uploads/2023/02/SNACKS-NATURALES-PERRO-PAWFECT29.webp]
[gentlecan.es/wp-content/uploads/2023/02/Diseno-sin-titulo-99-e1677580416505.webp]
[gentlecan.es/wp-content/uploads/2023/02/JUGUETE-RECOMPENSA-PERRO_WILDONE24-thumbnail-2000x2000-1-e1677580320856.webp]
[gentlecan.es/como-pasear-a-mi-perro/index.html]
[gentlecan.es/wp-json/wp/v2/posts/4853.json]
[gentlecan.es/correas-para-perros-guia-elegir/feed/index.html]
[gentlecan.es/wp-json/oembed/1.0/embede4e0.json]
[gentlecan.es/wp-json/oembed/1.0/embed2262]
[gentlecan.es/wp-content/uploads/2023/01/IMAGEN-DESTACADA-BLOG-63.png]
[gentlecan.es/wp-content/uploads/2023/01/IMAGEN-DESTACADA-BLOG-62.png]
[gentlecan.es/wp-content/uploads/2023/01/IMAGEN-DESTACADA-BLOG-64.png]
[gentlecan.es/correas-para-perros-guia-elegir/index.html]
[gentlecan.es/2023/01/30/index.html]
[gentlecan.es/como-banar-al-perro/feed/index.html]
[gentlecan.es/wp-json/wp/v2/posts/4857.json]
[gentlecan.es/wp-json/oembed/1.0/embedf39d.json]
[gentlecan.es/wp-json/oembed/1.0/embed35d9]
[gentlecan.es/wp-content/uploads/2023/01/DUCHA-PERRO-e1678443293348.png]
[gentlecan.es/wp-content/uploads/2023/01/1-9.webp]
[gentlecan.es/wp-content/uploads/2023/01/11-1.webp]
[gentlecan.es/wp-content/uploads/2023/01/10-1.webp]
[gentlecan.es/wp-content/uploads/2023/01/1-12.webp]
[gentlecan.es/2023/01/28/index.html]
[gentlecan.es/wp-content/uploads/2023/01/9-1.webp]
[gentlecan.es/wp-content/uploads/2023/01/8.webp]
[gentlecan.es/wp-content/uploads/2023/01/IMAGEN-DESTACADA-BLOG-60.png]
[gentlecan.es/como-banar-al-perro/index.html]
[gentlecan.es/cuidados-segun-el-pelo-de-tu-perro/feed/index.html]
[gentlecan.es/wp-json/wp/v2/posts/4767.json]
[gentlecan.es/wp-json/oembed/1.0/embed9121.json]
[gentlecan.es/wp-json/oembed/1.0/embed09b0]
[gentlecan.es/wp-content/uploads/2022/12/1-14.webp]
[gentlecan.es/wp-content/uploads/2022/12/1-15.webp]
[gentlecan.es/wp-content/uploads/2022/12/1-17.webp]
[gentlecan.es/wp-content/uploads/2022/12/1-20.webp]
[gentlecan.es/wp-content/uploads/2022/12/1-23.webp]
[gentlecan.es/2022/12/05/index.html]
[gentlecan.es/wp-content/uploads/2022/12/1-25.webp]
[gentlecan.es/wp-content/uploads/2020/02/boutique-higiene.jpg]
[gentlecan.es/cuidados-segun-el-pelo-de-tu-perro/index.html]
[gentlecan.es/wp-json/wp/v2/posts/4772.json]
[gentlecan.es/cual-es-el-comedero-ideal-para-tu-perro/feed/index.html]
[gentlecan.es/wp-json/oembed/1.0/embed93b4.json]
[gentlecan.es/wp-json/oembed/1.0/embed8be7]
[gentlecan.es/wp-content/uploads/2022/12/COMIDA-HUMEDA-PERRO-TERRA-CANIS-WESTIE-edited-scaled.jpg]
[gentlecan.es/wp-content/uploads/2022/12/Diseno-sin-titulo-2023-03-09T105116.358.png]
[gentlecan.es/wp-content/uploads/2022/12/Diseno-sin-titulo-2023-03-09T110355.326-e1678358127958.png]
[gentlecan.es/cual-es-el-comedero-ideal-para-tu-perro/index.html]
[gentlecan.es/wp-json/wp/v2/posts/4605.json]
[gentlecan.es/collar-o-arnes-cual-es-mejor-para-mi-perro/feed/index.html]
[gentlecan.es/wp-json/oembed/1.0/embed6b14.json]
[gentlecan.es/wp-json/oembed/1.0/embedf7a1]
[gentlecan.es/wp-content/uploads/2022/10/ADAPTACION-CABECERA-BLOGS-500-×-500-px-4-300x300.png]
[gentlecan.es/wp-content/uploads/2022/10/ADAPTACION-CABECERA-BLOGS-500-×-500-px-3-300x300.png]
[gentlecan.es/wp-content/uploads/2022/10/ADAPTACION-CABECERA-BLOGS-500-×-500-px-300x300.png]
[gentlecan.es/wp-content/uploads/2022/10/ADAPTACION-CABECERA-BLOGS-500-×-500-px-1-300x300.png]
[gentlecan.es/2022/10/26/index.html]
[gentlecan.es/wp-content/uploads/2022/10/ADAPTACION-CABECERA-BLOGS-500-×-500-px-2-300x300.png]
[gentlecan.es/wp-content/uploads/2022/10/ADAPTACION-CABECERA-BLOGS-500-×-500-px-5-300x300.png]
[gentlecan.es/wp-content/uploads/2022/10/ADAPTACION-CABECERA-BLOGS-500-×-500-px-7-300x300.png]
[gentlecan.es/wp-content/uploads/2022/10/ADAPTACION-CABECERA-BLOGS-500-×-500-px-6-300x300.png]
[gentlecan.es/wp-content/uploads/2022/10/ADAPTACION-CABECERA-BLOGS-500-×-500-px-9-300x300.png]
[gentlecan.es/wp-content/uploads/2022/10/ADAPTACION-CABECERA-BLOGS-500-×-500-px-8-300x300.png]
[gentlecan.es/wp-content/uploads/2022/10/ADAPTACION-CABECERA-BLOGS-500-×-500-px-10-300x300.png]
[gentlecan.es/wp-content/uploads/2022/10/ADAPTACION-CABECERA-BLOGS-500-×-500-px-12-300x300.png]
[gentlecan.es/wp-content/uploads/2022/10/ADAPTACION-CABECERA-BLOGS-500-×-500-px-11-300x300.png]
[gentlecan.es/wp-content/uploads/2022/10/ADAPTACION-CABECERA-BLOGS-500-×-500-px-13-300x300.png]
[gentlecan.es/wp-content/uploads/2022/10/ADAPTACION-CABECERA-BLOGS-500-×-500-px-26-300x300.png]
[gentlecan.es/wp-content/uploads/2022/10/ADAPTACION-CABECERA-BLOGS-500-×-500-px-16-300x300.png]
[gentlecan.es/wp-content/uploads/2022/10/ADAPTACION-CABECERA-BLOGS-500-×-500-px-15-300x300.png]
[gentlecan.es/wp-content/uploads/2022/10/ADAPTACION-CABECERA-BLOGS-500-×-500-px-14-300x300.png]
[gentlecan.es/wp-content/uploads/2022/10/ADAPTACION-CABECERA-BLOGS-500-×-500-px-19-300x300.png]
[gentlecan.es/wp-content/uploads/2022/10/ADAPTACION-CABECERA-BLOGS-500-×-500-px-18-300x300.png]
[gentlecan.es/wp-content/uploads/2022/10/ADAPTACION-CABECERA-BLOGS-500-×-500-px-17-300x300.png]
[gentlecan.es/wp-content/uploads/2022/10/ADAPTACION-CABECERA-BLOGS-500-×-500-px-22-300x300.png]
[gentlecan.es/wp-content/uploads/2022/10/ADAPTACION-CABECERA-BLOGS-500-×-500-px-21-300x300.png]
[gentlecan.es/wp-content/uploads/2022/10/ADAPTACION-CABECERA-BLOGS-500-×-500-px-20-300x300.png]
[gentlecan.es/collar-o-arnes-cual-es-mejor-para-mi-perro/index.html]
[gentlecan.es/wp-json/wp/v2/posts/4424.json]
[gentlecan.es/como-mantener-brillante-el-pelo-de-mi-perro/feed/index.html]
[gentlecan.es/wp-json/oembed/1.0/embedbc5c.json]
[gentlecan.es/wp-json/oembed/1.0/embed6a2c]
[gentlecan.es/2020/09/28/index.html]
[gentlecan.es/wp-content/uploads/2020/09/12-1024x505.jpg]
[gentlecan.es/como-mantener-brillante-el-pelo-de-mi-perro/index.html]
[gentlecan.es/las-5-mejores-peluquerias-caninas-de-madrid/feed/index.html]
[gentlecan.es/wp-json/wp/v2/posts/4415.json]
[gentlecan.es/wp-json/oembed/1.0/embedb21c.json]
[gentlecan.es/wp-json/oembed/1.0/embede734]
[gentlecan.es/wp-content/uploads/2020/02/gentlecan_experiencia_paseo-1.jpg]
[gentlecan.es/wp-content/uploads/2020/08/CORTE-TIJERA-CANICHE-MEDIANO-NEGRO-e1683103859858.jpg]
[gentlecan.es/2020/08/28/index.html]
[gentlecan.es/wp-content/uploads/2020/08/STRIPPING-SCHNAUZER-SAL-Y-PIMIENTA-e1683103815366.jpg]
[gentlecan.es/wp-content/uploads/2020/08/BANO-TECKEL.jpg]
[gentlecan.es/wp-content/uploads/2020/08/TRATAMIENTO-HIDRATACION-MANTOS-LARGOS-BICHON-MALTES-COSMETICA-HYDRA.png]
[gentlecan.es/wp-content/uploads/2023/04/WhatsApp-Image-2023-04-13-at-17.51.06-e1683103919428.webp]
[gentlecan.es/wp-content/uploads/2020/08/BANO-Y-ELIMINACION-DE-MUDA-CARLINO-PUG-e1683104184861.jpg]
[gentlecan.es/wp-content/uploads/2020/08/PRIMER-BANO-CACHORRO-LABRADOR-CHOCOLATE-scaled-e1683104270679.jpg]
[gentlecan.es/wp-content/uploads/2020/08/CORTE-ASIATICO-ASIAN-STYLE-SHITZU-1-1-scaled-e1683104419377.webp]
[gentlecan.es/wp-content/uploads/2020/08/Captura-de-pantalla-2023-05-03-a-las-10.18.10.png]
[gentlecan.es/las-5-mejores-peluquerias-caninas-de-madrid/index.html]
[gentlecan.es/wp-content/uploads/elementor/css/post-341e61.css]
[gentlecan.es/politica-de-privacitat/index.html]
[gentlecan.es/wp-content/uploads/elementor/css/post-791c08b.css]
[gentlecan.es/wp-content/plugins/elementor-pro/assets/css/widget-post-info.min2801.css]
[gentlecan.es/wp-content/plugins/elementor/assets/lib/font-awesome/webfonts/fa-regular-400.eot]
[gentlecan.es/wp-content/plugins/elementor/assets/lib/font-awesome/webfonts/fa-regular-400d41d.eot]
[gentlecan.es/wp-content/plugins/elementor/assets/lib/font-awesome/webfonts/fa-regular-400.woff2]
[gentlecan.es/wp-content/plugins/elementor/assets/lib/font-awesome/webfonts/fa-regular-400.woff]
[gentlecan.es/wp-content/plugins/elementor/assets/lib/font-awesome/webfonts/fa-regular-400.ttf]
[gentlecan.es/wp-content/plugins/elementor/assets/lib/font-awesome/webfonts/fa-regular-400.svg]
[gentlecan.es/wp-content/plugins/elementor/assets/lib/font-awesome/css/regular.min52d5.css]
[gentlecan.es/wp-content/uploads/elementor/css/post-6185bbbd.css]
[gentlecan.es/category/consejos/index.html]
[gentlecan.es/en/wp-json/wp/v2/categories/1]
[gentlecan.es/en/category/sin-categorizar/index.html]
[gentlecan.es/2024/08/08/index.html]
[gentlecan.es/2024/07/23/index.html]
[gentlecan.es/2024/07/15/index.html]
[gentlecan.es/en/category/sin-categorizar/feed/index.html]
[gentlecan.es/wp-content/uploads/elementor/css/post-6718f6e6.css]
[gentlecan.es/wp-content/uploads/elementor/css/post-6292a5d6.css]
[gentlecan.es/wp-content/uploads/elementor/css/post-6307a5d6.css]
[gentlecan.es/wp-content/plugins/revslider/public/assets/fonts/revicons/revicons90c6.svg]
[gentlecan.es/dummy.html]
[gentlecan.es/origin=https_/index.html]
[gentlecan.es/content.html]
[gentlecan.es/footer.html]
[gentlecan.es/header.html]
[gentlecan.es/sidebar.html]
[gentlecan.es/OPR/index.html]
[gentlecan.es/t.params.html]
[gentlecan.es/POST.html]
[gentlecan.es/window.location.html]
[gentlecan.es/e,window.location.html]
[gentlecan.es/blog-perros/page/3/index.html]
[gentlecan.es/2024/08/08/page/2/index.html]
[gentlecan.es/2024/07/15/page/2/index.html]
[gentlecan.es/category/razas/index.html]
[gentlecan.es/2023/11/17/index.html]
[gentlecan.es/2023/10/24/index.html]
[gentlecan.es/2024/07/23/page/2/index.html]
[gentlecan.es/2023/10/04/index.html]
[gentlecan.es/blog-perros/page/4/index.html]
[gentlecan.es/2023/09/14/index.html]
[gentlecan.es/en/feed/index.html]
[gentlecan.es/en/wp-json/index.html]
[gentlecan.es/en/comments/feed/index.html]
[gentlecan.es/2023/10/24/page/2/index.html]
[gentlecan.es/2023/11/17/page/2/index.html]
[gentlecan.es/2023/10/04/page/2/index.html]
[gentlecan.es/category/producto/index.html]
[gentlecan.es/2023/07/21/index.html]
[gentlecan.es/wp-content/uploads/2023/07/DESCANSO-PERRO-CAMAS-TECKEL-scaled.html]
[gentlecan.es/wp-content/uploads/2023/06/10-2-600x400.html]
[gentlecan.es/wp-content/uploads/2023/06/9-2-600x400.html]
[gentlecan.es/wp-content/uploads/2023/06/1052001_PAIKKA_Seashell_Playmat_7_1080x-600x400.html]
[gentlecan.es/wp-content/uploads/2023/06/1052001_PAIKKA_Seashell_Playmat_17_1080x-600x400.html]
[gentlecan.es/wp-content/uploads/2023/06/inooko-Tapis-lechage-YoomY-Burger-3_540x-e1687962305683-450x400.html]
[gentlecan.es/wp-content/uploads/2023/06/inooko-Tapis-lechage-YoomY-Burger-4_540x-e1687962326616-450x400.html]
[gentlecan.es/2023/06/28/index.html]
[gentlecan.es/2023/06/12/index.html]
[gentlecan.es/wp-content/uploads/2023/06/BANO-SPA-CANICHE-TOY-ROJO-scaled.html]
[gentlecan.es/2023/06/06/index.html]
[gentlecan.es/wp-json/wp/v2/categories/41.json]
[gentlecan.es/2023/05/23/index.html]
[gentlecan.es/category/producto/feed/index.html]
[gentlecan.es/2023/04/04/index.html]
[gentlecan.es/2023/09/14/page/2/index.html]
[gentlecan.es/2023/03/20/index.html]
[gentlecan.es/2023/06/12/page/2/index.html]
[gentlecan.es/2023/02/28/index.html]
[gentlecan.es/2023/07/21/page/2/index.html]
[gentlecan.es/category/producto/page/2/index.html]
[gentlecan.es/2023/06/28/page/2/index.html]
[gentlecan.es/wp-content/uploads/2023/02/Diseno-sin-titulo-2.html]
[gentlecan.es/2023/01/30/index.html]
[gentlecan.es/2023/01/28/index.html]
[gentlecan.es/2022/12/05/index.html]
[gentlecan.es/2023/06/06/page/2/index.html]
[gentlecan.es/2023/05/23/page/2/index.html]
[gentlecan.es/wp-content/uploads/2020/02/boutique-higiene.html]
[gentlecan.es/wp-content/uploads/2022/12/COMIDA-HUMEDA-PERRO-TERRA-CANIS-WESTIE-edited-scaled.html]
[gentlecan.es/2022/10/26/index.html]
[gentlecan.es/2020/09/28/index.html]
[gentlecan.es/2023/04/04/page/2/index.html]
[gentlecan.es/2023/03/20/page/2/index.html]
[gentlecan.es/wp-content/uploads/2020/09/12-1024x505.html]
[gentlecan.es/2020/08/28/index.html]
[gentlecan.es/wp-content/uploads/2020/02/gentlecan_experiencia_paseo-1.html]
[boutique.gentlecan.es/producto/comedero-clasico-para-perros-verde/index.html]
[gentlecan.es/wp-content/plugins/elementor/assets/lib/font-awesome/webfonts/fa-regular-400.svg]
[gentlecan.es/en/index.html]
[gentlecan.es/2024/08/08/page/2/index.html]
[gentlecan.es/2023/02/28/page/2/index.html]
[gentlecan.es/2024/07/23/page/2/index.html]
[gentlecan.es/2023/01/28/page/2/index.html]
[gentlecan.es/2024/07/15/page/2/index.html]
[gentlecan.es/2022/12/05/page/2/index.html]
[gentlecan.es/2023/01/30/page/2/index.html]
[boutique.gentlecan.es/medir-a-tu-perro/index.html]
[boutique.gentlecan.es/preguntas-frecuentes-faqs/index.html]
[boutique.gentlecan.es/producto/tarjetas-regalo/index.html]
[boutique.gentlecan.es/cambios_devoluciones/index.html]
[boutique.gentlecan.es/decoracion/index.html]
[gentlecan.es/blog-perros/page/4/index.html]
[gentlecan.es/2023/11/17/page/2/index.html]
[gentlecan.es/2023/10/24/page/2/index.html]
[gentlecan.es/2022/10/26/page/2/index.html]
[gentlecan.es/2020/09/28/page/2/index.html]
[gentlecan.es/2024/08/08/page/3/index.html]
[gentlecan.es/2020/08/28/page/2/index.html]
[gentlecan.es/2023/10/04/page/2/index.html]
[gentlecan.es/2023/09/14/page/2/index.html]
[gentlecan.es/category/producto/page/2/index.html]
[gentlecan.es/2023/07/21/page/2/index.html]
[gentlecan.es/2024/07/23/page/3/index.html]
[gentlecan.es/2023/06/28/page/2/index.html]
[gentlecan.es/2024/07/15/page/3/index.html]
[gentlecan.es/2023/06/12/page/2/index.html]
[gentlecan.es/2023/11/17/page/3/index.html]
[gentlecan.es/2023/10/24/page/3/index.html]
[gentlecan.es/2023/06/06/page/2/index.html]
[gentlecan.es/2023/05/23/page/2/index.html]
[gentlecan.es/2023/09/14/page/3/index.html]
[gentlecan.es/2023/10/04/page/3/index.html]
[gentlecan.es/2023/07/21/page/3/index.html]
[gentlecan.es/2023/04/04/page/2/index.html]
[gentlecan.es/2023/03/20/page/2/index.html]
[gentlecan.es/2023/02/28/page/2/index.html]
[gentlecan.es/category/producto/page/3/index.html]
[gentlecan.es/2023/06/28/page/3/index.html]
[gentlecan.es/2023/01/30/page/2/index.html]
[gentlecan.es/2023/01/28/page/2/index.html]
[gentlecan.es/2023/06/12/page/3/index.html]
[gentlecan.es/2022/12/05/page/2/index.html]
[gentlecan.es/2023/06/06/page/3/index.html]
[gentlecan.es/2022/10/26/page/2/index.html]
[gentlecan.es/2023/05/23/page/3/index.html]
[gentlecan.es/2020/09/28/page/2/index.html]
[gentlecan.es/2023/04/04/page/3/index.html]
[gentlecan.es/2020/08/28/page/2/index.html]
[gentlecan.es/2023/03/20/page/3/index.html]
[gentlecan.es/2024/08/08/page/3/index.html]
[gentlecan.es/2023/01/30/page/3/index.html]
[gentlecan.es/2023/01/28/page/3/index.html]
[gentlecan.es/2023/02/28/page/3/index.html]
[gentlecan.es/2022/12/05/page/3/index.html]
[gentlecan.es/2024/07/23/page/3/index.html]
[gentlecan.es/2024/07/15/page/3/index.html]
[gentlecan.es/2023/11/17/page/3/index.html]
[boutique.gentlecan.es/producto/bowl-para-perros-ceramica-eiby-amarillo/index.html]
[boutique.gentlecan.es/producto/cama-para-perros-glamour-deluxe-gris/index.html]
[boutique.gentlecan.es/producto/champu-hidratante-para-perros/index.html]
[boutique.gentlecan.es/producto/huevito-molon-payaso-naranja/index.html]
[boutique.gentlecan.es/producto/abrigo-para-perros-kieran-reversible/index.html]
[gentlecan.es/2023/10/24/page/3/index.html]
[gentlecan.es/2022/10/26/page/3/index.html]
[boutique.gentlecan.es/producto/bowl-para-perros-spruce/index.html]
[boutique.gentlecan.es/producto/hydra-perfume-forever-candy-130ml/index.html]
[boutique.gentlecan.es/producto/arnes-para-perros-hikari-gris/index.html]
[boutique.gentlecan.es/producto/carda-para-perros-pua-larga-protegida-artero/index.html]
[boutique.gentlecan.es/producto/peluche-para-perros-tostada-aguacate/index.html]
[boutique.gentlecan.es/producto/chapa-friends-bichon-maltes/index.html]
[gentlecan.es/2023/10/04/page/3/index.html]
[gentlecan.es/2020/09/28/page/3/index.html]
[boutique.gentlecan.es/producto/carda-para-perros-pua-larga-artero/index.html]
[boutique.gentlecan.es/producto/supercoat-doble-artero-para-perros/index.html]
[boutique.gentlecan.es/higiene/cepillos-perros/index.html]
[gentlecan.es/2023/09/14/page/3/index.html]
[gentlecan.es/2020/08/28/page/3/index.html]
[boutique.gentlecan.es/producto/cepillo-para-perros-cerda-jabali-artero/index.html]
[boutique.gentlecan.es/producto/pawfect-functional-daily-chomp/index.html]
[boutique.gentlecan.es/producto/soft-teckel-decoracion-perro/index.html]
[boutique.gentlecan.es/producto/juguete-para-perros-recompensa-twist-toss-tan/index.html]
[boutique.gentlecan.es/producto/arnes-ajustable-para-perros-academia/index.html]
[boutique.gentlecan.es/producto/chapa-friends-teckel-negro-y-marron/index.html]
[gentlecan.es/category/producto/page/3/index.html]
[gentlecan.es/2024/08/08/page/4/index.html]
[gentlecan.es/2023/07/21/page/3/index.html]
[gentlecan.es/2023/11/17/page/4/index.html]
[gentlecan.es/2024/07/23/page/4/index.html]
[gentlecan.es/2023/10/04/page/4/index.html]
[gentlecan.es/2024/07/15/page/4/index.html]
[gentlecan.es/2023/10/24/page/4/index.html]
[boutique.gentlecan.es/comida/snacks-perros/index.html]
[boutique.gentlecan.es/juguetes/index.html]
[boutique.gentlecan.es/producto/juguete-para-perros-tennis-tumble-lila/index.html]
[boutique.gentlecan.es/producto/juguete-para-perros-tennis-tumble-spruce/index.html]
[boutique.gentlecan.es/producto/alfombra-olfativa-para-perros-concha/index.html]
[boutique.gentlecan.es/producto/yoomy-burger-alfombra-comedero-amarillo/index.html]
[gentlecan.es/2023/06/28/page/3/index.html]
[boutique.gentlecan.es/producto/bolso-de-viaje-spruce/index.html]
[boutique.gentlecan.es/producto/pet-head-on-all-paws-balsamo-para-almohadillas/index.html]
[boutique.gentlecan.es/producto/collar-pajarita-pearls-celeste/index.html]
[boutique.gentlecan.es/producto/camisa-havana-palms/index.html]
[boutique.gentlecan.es/producto/bandana-para-perros-seraphine-corazones/index.html]
[boutique.gentlecan.es/producto/camiseta-david-rayas-esmeraldas/index.html]
[boutique.gentlecan.es/producto/dispensador-para-perros-sunset/index.html]
[boutique.gentlecan.es/producto/arnes-para-perros-ajustable-sunset/index.html]
[boutique.gentlecan.es/producto/correa-para-perros-sunset/index.html]
[boutique.gentlecan.es/producto/chubasquero-sarah-amarillo-para-perros/index.html]
[boutique.gentlecan.es/producto/yoomy-plate-alfombra-comedero-rosa-para-perros/index.html]
[boutique.gentlecan.es/producto/dispensador-de-agua-portatil-turquesa-para-perros/index.html]
[boutique.gentlecan.es/producto/bolso-de-viaje-tan/index.html]
[gentlecan.es/2023/06/12/page/3/index.html]
[boutique.gentlecan.es/producto/comida-para-perros-terra-canis-385gr-ragout-pollo/index.html]
[boutique.gentlecan.es/comida/humeda-perros/index.html]
[boutique.gentlecan.es/producto/dematting-spray-para-perros/index.html]
[boutique.gentlecan.es/producto/acondicionador-para-perros/index.html]
[boutique.gentlecan.es/producto/carda-para-perros-pua-fina-artero/index.html]
[boutique.gentlecan.es/producto/peine-dobre-pua-giratoria-artero-nature-collection/index.html]
[boutique.gentlecan.es/producto/arnes-para-perros-ajustable-breed-collection/index.html]
[boutique.gentlecan.es/paseo/index.html]
[boutique.gentlecan.es/producto/alfombra-olfativa-para-perros-ballena/index.html]
[boutique.gentlecan.es/higiene/index.html]
[boutique.gentlecan.es/comida/index.html]
[boutique.gentlecan.es/producto/chapa-friends-caniche-marron/index.html]
[boutique.gentlecan.es/paseo/chapas-perros/index.html]
[gentlecan.es/2023/06/06/page/3/index.html]
[boutique.gentlecan.es/producto/cinturon-coche-para-perros-glamour/index.html]
[boutique.gentlecan.es/producto/arnes-para-perros-glamour-gris/index.html]
[boutique.gentlecan.es/producto/cama-coche-para-perros-glamour-gris/index.html]
[boutique.gentlecan.es/viajar/transportines-perros/index.html]
[boutique.gentlecan.es/producto/bolso-de-viaje-negro/index.html]
[boutique.gentlecan.es/producto/dispensador-de-agua-portatil-azul-para-perros/index.html]
[boutique.gentlecan.es/producto/pawfect-functional-calm-relax/index.html]
[boutique.gentlecan.es/producto/bolso-para-perros-constantin-naranja/index.html]
[boutique.gentlecan.es/producto/forro-bolso-para-perros-constantin/index.html]
[gentlecan.es/2023/05/23/page/3/index.html]
[boutique.gentlecan.es/higiene/limpieza-dental-perros/index.html]
[boutique.gentlecan.es/producto/oral-care-gel-vainilla-menta-para-perros/index.html]
[boutique.gentlecan.es/producto/oral-care-gel-crema-de-cacahuete-para-perros/index.html]
[boutique.gentlecan.es/viajar/index.html]
[boutique.gentlecan.es/producto/arnes-para-perros-loan-blanco-y-rojo/index.html]
[boutique.gentlecan.es/ropa/index.html]
[boutique.gentlecan.es/producto/peluche-para-perros-leo-surf-27cm/index.html]
[boutique.gentlecan.es/producto/pawfect-functional-skin-coat/index.html]
[boutique.gentlecan.es/producto/chapa-friends-shitzu-blanco-y-negro/index.html]
[gentlecan.es/2023/04/04/page/3/index.html]
[gentlecan.es/2023/09/14/page/4/index.html]
[boutique.gentlecan.es/producto/galletas-horneadas-dental/index.html]
[boutique.gentlecan.es/producto/pawfect-barritas-del-himalaya-pequenas-100g/index.html]
[boutique.gentlecan.es/producto/snacks-cordero/index.html]
[gentlecan.es/2023/03/20/page/3/index.html]
[gentlecan.es/category/producto/page/4/index.html]
[boutique.gentlecan.es/producto/chaleco-salvavidas/index.html]
[boutique.gentlecan.es/producto/collar-peruvian-gold/index.html]
[boutique.gentlecan.es/producto/cama-snooze-botanical-green/index.html]
[boutique.gentlecan.es/producto/supercoat-doble-artero/index.html]
[boutique.gentlecan.es/producto/comedero-lento-verde-marmol/index.html]
[boutique.gentlecan.es/producto/juego-de-4-pelotas-de-tenis-color-lila/index.html]
[boutique.gentlecan.es/producto/chapa-friends-border-collie/index.html]
[gentlecan.es/2023/02/28/page/3/index.html]
[gentlecan.es/2023/07/21/page/4/index.html]
[boutique.gentlecan.es/producto/pelota-xs-especial-cachorro/index.html]
[boutique.gentlecan.es/producto/pawfect-natures-munch-calabaza/index.html]
[boutique.gentlecan.es/producto/juguete-elefante-elton/index.html]
[boutique.gentlecan.es/producto/juguete-recompensa-twist-toss-azul/index.html]
[gentlecan.es/2023/01/30/page/3/index.html]
[gentlecan.es/2023/06/28/page/4/index.html]
[gentlecan.es/2023/06/12/page/4/index.html]
[boutique.gentlecan.es/paseo/correas-perros/index.html]
[boutique.gentlecan.es/paseo/correas-perros/piel/index.html]
[boutique.gentlecan.es/paseo/correas-perros/tela-nylon/index.html]
[boutique.gentlecan.es/paseo/correas-perros/multiposicion/index.html]
[boutique.gentlecan.es/ropa/abrigos-perros/index.html]
[boutique.gentlecan.es/ropa/camisetas-perros/index.html]
[boutique.gentlecan.es/paseo/arneses-perros/index.html]
[boutique.gentlecan.es/producto/correa-flexi-style-cinta-rosa/index.html]
[gentlecan.es/2023/01/28/page/3/index.html]
[boutique.gentlecan.es/higiene/champu-perros/index.html]
[boutique.gentlecan.es/producto/hydra-luxury-care-fast-shower-240ml/index.html]
[boutique.gentlecan.es/higiene/acondicionadores-perros/index.html]
[boutique.gentlecan.es/higiene/perfumes-perros/index.html]
[gentlecan.es/2022/12/05/page/3/index.html]
[gentlecan.es/2023/06/06/page/4/index.html]
[gentlecan.es/2023/05/23/page/4/index.html]
[gentlecan.es/2023/04/04/page/4/index.html]
[boutique.gentlecan.es/comida/comederos-bebederos-perros/index.html]
[boutique.gentlecan.es/producto/bowl-spruce/index.html]
[boutique.gentlecan.es/producto/bowl-ceramica-lund-gris/index.html]
[boutique.gentlecan.es/producto/comedero-clasico-camel-solido/index.html]
[boutique.gentlecan.es/producto/bowl-de-silicona-plegable-naranja/index.html]
[gentlecan.es/2022/10/26/page/3/index.html]
[boutique.gentlecan.es/producto/collar-training-round-soft-azul-oscuro/index.html]
[boutique.gentlecan.es/producto/collar-training-tinnum-rojo-tostado/index.html]
[boutique.gentlecan.es/producto/collar-rose-azul/index.html]
[boutique.gentlecan.es/producto/collar-ajustable-vichy-amarillo/index.html]
[boutique.gentlecan.es/producto/collar-cap-rocat-azul-mediterraneo/index.html]
[boutique.gentlecan.es/producto/collar-martingale-lila/index.html]
[boutique.gentlecan.es/producto/collar-duke-lia-verde/index.html]
[boutique.gentlecan.es/producto/collar-galgo-juno-azul-cielo/index.html]
[boutique.gentlecan.es/producto/collar-textura-aitona/index.html]
[boutique.gentlecan.es/producto/collar-neo-negro/index.html]
[boutique.gentlecan.es/producto/collar-flor-flecha-amarilla/index.html]
[boutique.gentlecan.es/producto/arnes-lia-rosa/index.html]
[boutique.gentlecan.es/producto/arnes-lia-azul/index.html]
[boutique.gentlecan.es/producto/arnes-round-soft-petit-rojo/index.html]
[boutique.gentlecan.es/producto/arnes-finessa-powder-pink-grey/index.html]
[boutique.gentlecan.es/producto/arnes-erwan-amarillo/index.html]
[boutique.gentlecan.es/producto/arnes-kurt-negro/index.html]
[boutique.gentlecan.es/producto/arnes-textura-ciutadella/index.html]
[boutique.gentlecan.es/producto/arnes-textura-tremp/index.html]
[boutique.gentlecan.es/producto/arnes-sonia-blanco-azul/index.html]
[boutique.gentlecan.es/producto/arnes-ajustable-retro/index.html]
[boutique.gentlecan.es/producto/arnes-ajustable-zebra/index.html]
[boutique.gentlecan.es/producto/arnes-ajustable-vichy-verde/index.html]
[boutique.gentlecan.es/producto/arnes-rose-amarillo/index.html]
[boutique.gentlecan.es/producto/arnes-rose-azul/index.html]
[gentlecan.es/2020/09/28/page/3/index.html]
[gentlecan.es/2020/08/28/page/3/index.html]
[gentlecan.es/2023/02/28/page/4/index.html]
[gentlecan.es/2023/03/20/page/4/index.html]
[gentlecan.es/2023/01/30/page/4/index.html]
[gentlecan.es/2024/08/08/page/4/index.html]
[gentlecan.es/2024/07/23/page/4/index.html]
[gentlecan.es/2024/07/15/page/4/index.html]
[gentlecan.es/2023/11/17/page/4/index.html]
[gentlecan.es/2023/10/24/page/4/index.html]
[gentlecan.es/2023/10/04/page/4/index.html]
[gentlecan.es/2023/09/14/page/4/index.html]
[gentlecan.es/category/producto/page/4/index.html]
[gentlecan.es/2023/07/21/page/4/index.html]
[gentlecan.es/2023/06/28/page/4/index.html]
[gentlecan.es/2023/06/12/page/4/index.html]
[gentlecan.es/2023/06/06/page/4/index.html]
[gentlecan.es/2023/05/23/page/4/index.html]
[gentlecan.es/2023/04/04/page/4/index.html]
[gentlecan.es/2023/03/20/page/4/index.html]
[gentlecan.es/2023/02/28/page/4/index.html]
[gentlecan.es/2023/01/30/page/4/index.html]
[gentlecan.es/2023/01/28/page/4/index.html]
[gentlecan.es/2023/01/28/page/4/index.html]
[gentlecan.es/2022/12/05/page/4/index.html]
[gentlecan.es/2022/12/05/page/4/index.html]
[gentlecan.es/2020/09/28/page/4/index.html]
[gentlecan.es/2022/10/26/page/4/index.html]
[gentlecan.es/2022/10/26/page/4/index.html]
[gentlecan.es/2020/09/28/page/4/index.html]
[gentlecan.es/2020/08/28/page/4/index.html]
[gentlecan.es/2020/08/28/page/4/index.html]
